cycles===============> 0
i_row_wgt_ci
 [[ 1.  0. -1. -2.]
 [ 0. -1. -2. -3.]
 [-1. -2. -3. -4.]
 [-2. -3. -4. -5.]]
i_row_wgt_w
 [[0. 0. 0. 0.]
 [0. 0. 0. 0.]
 [0. 0. 0. 0.]
 [0. 0. 0. 0.]]
i_row_wgt_h
 [[0. 0. 0. 0.]
 [0. 0. 0. 0.]
 [0. 0. 0. 0.]
 [0. 0. 0. 0.]]
i_row_ofm_w
 [[0. 0. 0. 0.]
 [0. 0. 0. 0.]
 [0. 0. 0. 0.]
 [0. 0. 0. 0.]]
i_row_ofm_h
 [[0. 0. 0. 0.]
 [0. 0. 0. 0.]
 [0. 0. 0. 0.]
 [0. 0. 0. 0.]]
cycles===============> 1
i_row_wgt_ci
 [[ 0.  1.  0. -1.]
 [ 1.  0. -1. -2.]
 [ 0. -1. -2. -3.]
 [-1. -2. -3. -4.]]
i_row_wgt_w
 [[1. 0. 0. 0.]
 [0. 0. 0. 0.]
 [0. 0. 0. 0.]
 [0. 0. 0. 0.]]
i_row_wgt_h
 [[0. 0. 0. 0.]
 [0. 0. 0. 0.]
 [0. 0. 0. 0.]
 [0. 0. 0. 0.]]
i_row_ofm_w
 [[0. 0. 0. 0.]
 [0. 0. 0. 0.]
 [0. 0. 0. 0.]
 [0. 0. 0. 0.]]
i_row_ofm_h
 [[0. 0. 0. 0.]
 [0. 0. 0. 0.]
 [0. 0. 0. 0.]
 [0. 0. 0. 0.]]
cycles===============> 2
i_row_wgt_ci
 [[ 1.  0.  1.  0.]
 [ 0.  1.  0. -1.]
 [ 1.  0. -1. -2.]
 [ 0. -1. -2. -3.]]
i_row_wgt_w
 [[1. 1. 0. 0.]
 [1. 0. 0. 0.]
 [0. 0. 0. 0.]
 [0. 0. 0. 0.]]
i_row_wgt_h
 [[0. 0. 0. 0.]
 [0. 0. 0. 0.]
 [0. 0. 0. 0.]
 [0. 0. 0. 0.]]
i_row_ofm_w
 [[0. 0. 0. 0.]
 [0. 0. 0. 0.]
 [0. 0. 0. 0.]
 [0. 0. 0. 0.]]
i_row_ofm_h
 [[0. 0. 0. 0.]
 [0. 0. 0. 0.]
 [0. 0. 0. 0.]
 [0. 0. 0. 0.]]
cycles===============> 3
i_row_wgt_ci
 [[ 0.  1.  0.  1.]
 [ 1.  0.  1.  0.]
 [ 0.  1.  0. -1.]
 [ 1.  0. -1. -2.]]
i_row_wgt_w
 [[2. 1. 1. 0.]
 [1. 1. 0. 0.]
 [1. 0. 0. 0.]
 [0. 0. 0. 0.]]
i_row_wgt_h
 [[0. 0. 0. 0.]
 [0. 0. 0. 0.]
 [0. 0. 0. 0.]
 [0. 0. 0. 0.]]
i_row_ofm_w
 [[0. 0. 0. 0.]
 [0. 0. 0. 0.]
 [0. 0. 0. 0.]
 [0. 0. 0. 0.]]
i_row_ofm_h
 [[0. 0. 0. 0.]
 [0. 0. 0. 0.]
 [0. 0. 0. 0.]
 [0. 0. 0. 0.]]
cycles===============> 4
i_row_wgt_ci
 [[ 1.  0.  1.  0.]
 [ 0.  1.  0.  1.]
 [ 1.  0.  1.  0.]
 [ 0.  1.  0. -1.]]
i_row_wgt_w
 [[2. 2. 1. 1.]
 [2. 1. 1. 0.]
 [1. 1. 0. 0.]
 [1. 0. 0. 0.]]
i_row_wgt_h
 [[0. 0. 0. 0.]
 [0. 0. 0. 0.]
 [0. 0. 0. 0.]
 [0. 0. 0. 0.]]
i_row_ofm_w
 [[0. 0. 0. 0.]
 [0. 0. 0. 0.]
 [0. 0. 0. 0.]
 [0. 0. 0. 0.]]
i_row_ofm_h
 [[0. 0. 0. 0.]
 [0. 0. 0. 0.]
 [0. 0. 0. 0.]
 [0. 0. 0. 0.]]
cycles===============> 5
i_row_wgt_ci
 [[0. 1. 0. 1.]
 [1. 0. 1. 0.]
 [0. 1. 0. 1.]
 [1. 0. 1. 0.]]
i_row_wgt_w
 [[0. 2. 2. 1.]
 [2. 2. 1. 1.]
 [2. 1. 1. 0.]
 [1. 1. 0. 0.]]
i_row_wgt_h
 [[1. 0. 0. 0.]
 [0. 0. 0. 0.]
 [0. 0. 0. 0.]
 [0. 0. 0. 0.]]
i_row_ofm_w
 [[0. 0. 0. 0.]
 [0. 0. 0. 0.]
 [0. 0. 0. 0.]
 [0. 0. 0. 0.]]
i_row_ofm_h
 [[0. 0. 0. 0.]
 [0. 0. 0. 0.]
 [0. 0. 0. 0.]
 [0. 0. 0. 0.]]
cycles===============> 6
i_row_wgt_ci
 [[1. 0. 1. 0.]
 [0. 1. 0. 1.]
 [1. 0. 1. 0.]
 [0. 1. 0. 1.]]
i_row_wgt_w
 [[0. 0. 2. 2.]
 [0. 2. 2. 1.]
 [2. 2. 1. 1.]
 [2. 1. 1. 0.]]
i_row_wgt_h
 [[1. 1. 0. 0.]
 [1. 0. 0. 0.]
 [0. 0. 0. 0.]
 [0. 0. 0. 0.]]
i_row_ofm_w
 [[0. 0. 0. 0.]
 [0. 0. 0. 0.]
 [0. 0. 0. 0.]
 [0. 0. 0. 0.]]
i_row_ofm_h
 [[0. 0. 0. 0.]
 [0. 0. 0. 0.]
 [0. 0. 0. 0.]
 [0. 0. 0. 0.]]
cycles===============> 7
i_row_wgt_ci
 [[0. 1. 0. 1.]
 [1. 0. 1. 0.]
 [0. 1. 0. 1.]
 [1. 0. 1. 0.]]
i_row_wgt_w
 [[1. 0. 0. 2.]
 [0. 0. 2. 2.]
 [0. 2. 2. 1.]
 [2. 2. 1. 1.]]
i_row_wgt_h
 [[1. 1. 1. 0.]
 [1. 1. 0. 0.]
 [1. 0. 0. 0.]
 [0. 0. 0. 0.]]
i_row_ofm_w
 [[0. 0. 0. 0.]
 [0. 0. 0. 0.]
 [0. 0. 0. 0.]
 [0. 0. 0. 0.]]
i_row_ofm_h
 [[0. 0. 0. 0.]
 [0. 0. 0. 0.]
 [0. 0. 0. 0.]
 [0. 0. 0. 0.]]
cycles===============> 8
i_row_wgt_ci
 [[1. 0. 1. 0.]
 [0. 1. 0. 1.]
 [1. 0. 1. 0.]
 [0. 1. 0. 1.]]
i_row_wgt_w
 [[1. 1. 0. 0.]
 [1. 0. 0. 2.]
 [0. 0. 2. 2.]
 [0. 2. 2. 1.]]
i_row_wgt_h
 [[1. 1. 1. 1.]
 [1. 1. 1. 0.]
 [1. 1. 0. 0.]
 [1. 0. 0. 0.]]
i_row_ofm_w
 [[0. 0. 0. 0.]
 [0. 0. 0. 0.]
 [0. 0. 0. 0.]
 [0. 0. 0. 0.]]
i_row_ofm_h
 [[0. 0. 0. 0.]
 [0. 0. 0. 0.]
 [0. 0. 0. 0.]
 [0. 0. 0. 0.]]
cycles===============> 9
i_row_wgt_ci
 [[0. 1. 0. 1.]
 [1. 0. 1. 0.]
 [0. 1. 0. 1.]
 [1. 0. 1. 0.]]
i_row_wgt_w
 [[2. 1. 1. 0.]
 [1. 1. 0. 0.]
 [1. 0. 0. 2.]
 [0. 0. 2. 2.]]
i_row_wgt_h
 [[1. 1. 1. 1.]
 [1. 1. 1. 1.]
 [1. 1. 1. 0.]
 [1. 1. 0. 0.]]
i_row_ofm_w
 [[0. 0. 0. 0.]
 [0. 0. 0. 0.]
 [0. 0. 0. 0.]
 [0. 0. 0. 0.]]
i_row_ofm_h
 [[0. 0. 0. 0.]
 [0. 0. 0. 0.]
 [0. 0. 0. 0.]
 [0. 0. 0. 0.]]
cycles===============> 10
i_row_wgt_ci
 [[1. 0. 1. 0.]
 [0. 1. 0. 1.]
 [1. 0. 1. 0.]
 [0. 1. 0. 1.]]
i_row_wgt_w
 [[2. 2. 1. 1.]
 [2. 1. 1. 0.]
 [1. 1. 0. 0.]
 [1. 0. 0. 2.]]
i_row_wgt_h
 [[1. 1. 1. 1.]
 [1. 1. 1. 1.]
 [1. 1. 1. 1.]
 [1. 1. 1. 0.]]
i_row_ofm_w
 [[0. 0. 0. 0.]
 [0. 0. 0. 0.]
 [0. 0. 0. 0.]
 [0. 0. 0. 0.]]
i_row_ofm_h
 [[0. 0. 0. 0.]
 [0. 0. 0. 0.]
 [0. 0. 0. 0.]
 [0. 0. 0. 0.]]
cycles===============> 11
i_row_wgt_ci
 [[0. 1. 0. 1.]
 [1. 0. 1. 0.]
 [0. 1. 0. 1.]
 [1. 0. 1. 0.]]
i_row_wgt_w
 [[0. 2. 2. 1.]
 [2. 2. 1. 1.]
 [2. 1. 1. 0.]
 [1. 1. 0. 0.]]
i_row_wgt_h
 [[2. 1. 1. 1.]
 [1. 1. 1. 1.]
 [1. 1. 1. 1.]
 [1. 1. 1. 1.]]
i_row_ofm_w
 [[0. 0. 0. 0.]
 [0. 0. 0. 0.]
 [0. 0. 0. 0.]
 [0. 0. 0. 0.]]
i_row_ofm_h
 [[0. 0. 0. 0.]
 [0. 0. 0. 0.]
 [0. 0. 0. 0.]
 [0. 0. 0. 0.]]
cycles===============> 12
i_row_wgt_ci
 [[1. 0. 1. 0.]
 [0. 1. 0. 1.]
 [1. 0. 1. 0.]
 [0. 1. 0. 1.]]
i_row_wgt_w
 [[0. 0. 2. 2.]
 [0. 2. 2. 1.]
 [2. 2. 1. 1.]
 [2. 1. 1. 0.]]
i_row_wgt_h
 [[2. 2. 1. 1.]
 [2. 1. 1. 1.]
 [1. 1. 1. 1.]
 [1. 1. 1. 1.]]
i_row_ofm_w
 [[0. 0. 0. 0.]
 [0. 0. 0. 0.]
 [0. 0. 0. 0.]
 [0. 0. 0. 0.]]
i_row_ofm_h
 [[0. 0. 0. 0.]
 [0. 0. 0. 0.]
 [0. 0. 0. 0.]
 [0. 0. 0. 0.]]
cycles===============> 13
i_row_wgt_ci
 [[0. 1. 0. 1.]
 [1. 0. 1. 0.]
 [0. 1. 0. 1.]
 [1. 0. 1. 0.]]
i_row_wgt_w
 [[1. 0. 0. 2.]
 [0. 0. 2. 2.]
 [0. 2. 2. 1.]
 [2. 2. 1. 1.]]
i_row_wgt_h
 [[2. 2. 2. 1.]
 [2. 2. 1. 1.]
 [2. 1. 1. 1.]
 [1. 1. 1. 1.]]
i_row_ofm_w
 [[0. 0. 0. 0.]
 [0. 0. 0. 0.]
 [0. 0. 0. 0.]
 [0. 0. 0. 0.]]
i_row_ofm_h
 [[0. 0. 0. 0.]
 [0. 0. 0. 0.]
 [0. 0. 0. 0.]
 [0. 0. 0. 0.]]
cycles===============> 14
i_row_wgt_ci
 [[1. 0. 1. 0.]
 [0. 1. 0. 1.]
 [1. 0. 1. 0.]
 [0. 1. 0. 1.]]
i_row_wgt_w
 [[1. 1. 0. 0.]
 [1. 0. 0. 2.]
 [0. 0. 2. 2.]
 [0. 2. 2. 1.]]
i_row_wgt_h
 [[2. 2. 2. 2.]
 [2. 2. 2. 1.]
 [2. 2. 1. 1.]
 [2. 1. 1. 1.]]
i_row_ofm_w
 [[0. 0. 0. 0.]
 [0. 0. 0. 0.]
 [0. 0. 0. 0.]
 [0. 0. 0. 0.]]
i_row_ofm_h
 [[0. 0. 0. 0.]
 [0. 0. 0. 0.]
 [0. 0. 0. 0.]
 [0. 0. 0. 0.]]
cycles===============> 15
i_row_wgt_ci
 [[0. 1. 0. 1.]
 [1. 0. 1. 0.]
 [0. 1. 0. 1.]
 [1. 0. 1. 0.]]
i_row_wgt_w
 [[2. 1. 1. 0.]
 [1. 1. 0. 0.]
 [1. 0. 0. 2.]
 [0. 0. 2. 2.]]
i_row_wgt_h
 [[2. 2. 2. 2.]
 [2. 2. 2. 2.]
 [2. 2. 2. 1.]
 [2. 2. 1. 1.]]
i_row_ofm_w
 [[0. 0. 0. 0.]
 [0. 0. 0. 0.]
 [0. 0. 0. 0.]
 [0. 0. 0. 0.]]
i_row_ofm_h
 [[0. 0. 0. 0.]
 [0. 0. 0. 0.]
 [0. 0. 0. 0.]
 [0. 0. 0. 0.]]
cycles===============> 16
i_row_wgt_ci
 [[1. 0. 1. 0.]
 [0. 1. 0. 1.]
 [1. 0. 1. 0.]
 [0. 1. 0. 1.]]
i_row_wgt_w
 [[2. 2. 1. 1.]
 [2. 1. 1. 0.]
 [1. 1. 0. 0.]
 [1. 0. 0. 2.]]
i_row_wgt_h
 [[2. 2. 2. 2.]
 [2. 2. 2. 2.]
 [2. 2. 2. 2.]
 [2. 2. 2. 1.]]
i_row_ofm_w
 [[0. 0. 0. 0.]
 [0. 0. 0. 0.]
 [0. 0. 0. 0.]
 [0. 0. 0. 0.]]
i_row_ofm_h
 [[0. 0. 0. 0.]
 [0. 0. 0. 0.]
 [0. 0. 0. 0.]
 [0. 0. 0. 0.]]
cycles===============> 17
i_row_wgt_ci
 [[0. 1. 0. 1.]
 [1. 0. 1. 0.]
 [0. 1. 0. 1.]
 [1. 0. 1. 0.]]
i_row_wgt_w
 [[0. 2. 2. 1.]
 [2. 2. 1. 1.]
 [2. 1. 1. 0.]
 [1. 1. 0. 0.]]
i_row_wgt_h
 [[0. 2. 2. 2.]
 [2. 2. 2. 2.]
 [2. 2. 2. 2.]
 [2. 2. 2. 2.]]
i_row_ofm_w
 [[1. 0. 0. 0.]
 [0. 0. 0. 0.]
 [0. 0. 0. 0.]
 [0. 0. 0. 0.]]
i_row_ofm_h
 [[0. 0. 0. 0.]
 [0. 0. 0. 0.]
 [0. 0. 0. 0.]
 [0. 0. 0. 0.]]
cycles===============> 18
i_row_wgt_ci
 [[1. 0. 1. 0.]
 [0. 1. 0. 1.]
 [1. 0. 1. 0.]
 [0. 1. 0. 1.]]
i_row_wgt_w
 [[0. 0. 2. 2.]
 [0. 2. 2. 1.]
 [2. 2. 1. 1.]
 [2. 1. 1. 0.]]
i_row_wgt_h
 [[0. 0. 2. 2.]
 [0. 2. 2. 2.]
 [2. 2. 2. 2.]
 [2. 2. 2. 2.]]
i_row_ofm_w
 [[1. 1. 0. 0.]
 [1. 0. 0. 0.]
 [0. 0. 0. 0.]
 [0. 0. 0. 0.]]
i_row_ofm_h
 [[0. 0. 0. 0.]
 [0. 0. 0. 0.]
 [0. 0. 0. 0.]
 [0. 0. 0. 0.]]
cycles===============> 19
i_row_wgt_ci
 [[0. 1. 0. 1.]
 [1. 0. 1. 0.]
 [0. 1. 0. 1.]
 [1. 0. 1. 0.]]
i_row_wgt_w
 [[1. 0. 0. 2.]
 [0. 0. 2. 2.]
 [0. 2. 2. 1.]
 [2. 2. 1. 1.]]
i_row_wgt_h
 [[0. 0. 0. 2.]
 [0. 0. 2. 2.]
 [0. 2. 2. 2.]
 [2. 2. 2. 2.]]
i_row_ofm_w
 [[1. 1. 1. 0.]
 [1. 1. 0. 0.]
 [1. 0. 0. 0.]
 [0. 0. 0. 0.]]
i_row_ofm_h
 [[0. 0. 0. 0.]
 [0. 0. 0. 0.]
 [0. 0. 0. 0.]
 [0. 0. 0. 0.]]
cycles===============> 20
i_row_wgt_ci
 [[1. 0. 1. 0.]
 [0. 1. 0. 1.]
 [1. 0. 1. 0.]
 [0. 1. 0. 1.]]
i_row_wgt_w
 [[1. 1. 0. 0.]
 [1. 0. 0. 2.]
 [0. 0. 2. 2.]
 [0. 2. 2. 1.]]
i_row_wgt_h
 [[0. 0. 0. 0.]
 [0. 0. 0. 2.]
 [0. 0. 2. 2.]
 [0. 2. 2. 2.]]
i_row_ofm_w
 [[1. 1. 1. 1.]
 [1. 1. 1. 0.]
 [1. 1. 0. 0.]
 [1. 0. 0. 0.]]
i_row_ofm_h
 [[0. 0. 0. 0.]
 [0. 0. 0. 0.]
 [0. 0. 0. 0.]
 [0. 0. 0. 0.]]
cycles===============> 21
i_row_wgt_ci
 [[0. 1. 0. 1.]
 [1. 0. 1. 0.]
 [0. 1. 0. 1.]
 [1. 0. 1. 0.]]
i_row_wgt_w
 [[2. 1. 1. 0.]
 [1. 1. 0. 0.]
 [1. 0. 0. 2.]
 [0. 0. 2. 2.]]
i_row_wgt_h
 [[0. 0. 0. 0.]
 [0. 0. 0. 0.]
 [0. 0. 0. 2.]
 [0. 0. 2. 2.]]
i_row_ofm_w
 [[1. 1. 1. 1.]
 [1. 1. 1. 1.]
 [1. 1. 1. 0.]
 [1. 1. 0. 0.]]
i_row_ofm_h
 [[0. 0. 0. 0.]
 [0. 0. 0. 0.]
 [0. 0. 0. 0.]
 [0. 0. 0. 0.]]
cycles===============> 22
i_row_wgt_ci
 [[1. 0. 1. 0.]
 [0. 1. 0. 1.]
 [1. 0. 1. 0.]
 [0. 1. 0. 1.]]
i_row_wgt_w
 [[2. 2. 1. 1.]
 [2. 1. 1. 0.]
 [1. 1. 0. 0.]
 [1. 0. 0. 2.]]
i_row_wgt_h
 [[0. 0. 0. 0.]
 [0. 0. 0. 0.]
 [0. 0. 0. 0.]
 [0. 0. 0. 2.]]
i_row_ofm_w
 [[1. 1. 1. 1.]
 [1. 1. 1. 1.]
 [1. 1. 1. 1.]
 [1. 1. 1. 0.]]
i_row_ofm_h
 [[0. 0. 0. 0.]
 [0. 0. 0. 0.]
 [0. 0. 0. 0.]
 [0. 0. 0. 0.]]
cycles===============> 23
i_row_wgt_ci
 [[0. 1. 0. 1.]
 [1. 0. 1. 0.]
 [0. 1. 0. 1.]
 [1. 0. 1. 0.]]
i_row_wgt_w
 [[0. 2. 2. 1.]
 [2. 2. 1. 1.]
 [2. 1. 1. 0.]
 [1. 1. 0. 0.]]
i_row_wgt_h
 [[1. 0. 0. 0.]
 [0. 0. 0. 0.]
 [0. 0. 0. 0.]
 [0. 0. 0. 0.]]
i_row_ofm_w
 [[1. 1. 1. 1.]
 [1. 1. 1. 1.]
 [1. 1. 1. 1.]
 [1. 1. 1. 1.]]
i_row_ofm_h
 [[0. 0. 0. 0.]
 [0. 0. 0. 0.]
 [0. 0. 0. 0.]
 [0. 0. 0. 0.]]
cycles===============> 24
i_row_wgt_ci
 [[1. 0. 1. 0.]
 [0. 1. 0. 1.]
 [1. 0. 1. 0.]
 [0. 1. 0. 1.]]
i_row_wgt_w
 [[0. 0. 2. 2.]
 [0. 2. 2. 1.]
 [2. 2. 1. 1.]
 [2. 1. 1. 0.]]
i_row_wgt_h
 [[1. 1. 0. 0.]
 [1. 0. 0. 0.]
 [0. 0. 0. 0.]
 [0. 0. 0. 0.]]
i_row_ofm_w
 [[1. 1. 1. 1.]
 [1. 1. 1. 1.]
 [1. 1. 1. 1.]
 [1. 1. 1. 1.]]
i_row_ofm_h
 [[0. 0. 0. 0.]
 [0. 0. 0. 0.]
 [0. 0. 0. 0.]
 [0. 0. 0. 0.]]
cycles===============> 25
i_row_wgt_ci
 [[0. 1. 0. 1.]
 [1. 0. 1. 0.]
 [0. 1. 0. 1.]
 [1. 0. 1. 0.]]
i_row_wgt_w
 [[1. 0. 0. 2.]
 [0. 0. 2. 2.]
 [0. 2. 2. 1.]
 [2. 2. 1. 1.]]
i_row_wgt_h
 [[1. 1. 1. 0.]
 [1. 1. 0. 0.]
 [1. 0. 0. 0.]
 [0. 0. 0. 0.]]
i_row_ofm_w
 [[1. 1. 1. 1.]
 [1. 1. 1. 1.]
 [1. 1. 1. 1.]
 [1. 1. 1. 1.]]
i_row_ofm_h
 [[0. 0. 0. 0.]
 [0. 0. 0. 0.]
 [0. 0. 0. 0.]
 [0. 0. 0. 0.]]
cycles===============> 26
i_row_wgt_ci
 [[1. 0. 1. 0.]
 [0. 1. 0. 1.]
 [1. 0. 1. 0.]
 [0. 1. 0. 1.]]
i_row_wgt_w
 [[1. 1. 0. 0.]
 [1. 0. 0. 2.]
 [0. 0. 2. 2.]
 [0. 2. 2. 1.]]
i_row_wgt_h
 [[1. 1. 1. 1.]
 [1. 1. 1. 0.]
 [1. 1. 0. 0.]
 [1. 0. 0. 0.]]
i_row_ofm_w
 [[1. 1. 1. 1.]
 [1. 1. 1. 1.]
 [1. 1. 1. 1.]
 [1. 1. 1. 1.]]
i_row_ofm_h
 [[0. 0. 0. 0.]
 [0. 0. 0. 0.]
 [0. 0. 0. 0.]
 [0. 0. 0. 0.]]
cycles===============> 27
i_row_wgt_ci
 [[0. 1. 0. 1.]
 [1. 0. 1. 0.]
 [0. 1. 0. 1.]
 [1. 0. 1. 0.]]
i_row_wgt_w
 [[2. 1. 1. 0.]
 [1. 1. 0. 0.]
 [1. 0. 0. 2.]
 [0. 0. 2. 2.]]
i_row_wgt_h
 [[1. 1. 1. 1.]
 [1. 1. 1. 1.]
 [1. 1. 1. 0.]
 [1. 1. 0. 0.]]
i_row_ofm_w
 [[1. 1. 1. 1.]
 [1. 1. 1. 1.]
 [1. 1. 1. 1.]
 [1. 1. 1. 1.]]
i_row_ofm_h
 [[0. 0. 0. 0.]
 [0. 0. 0. 0.]
 [0. 0. 0. 0.]
 [0. 0. 0. 0.]]
cycles===============> 28
i_row_wgt_ci
 [[1. 0. 1. 0.]
 [0. 1. 0. 1.]
 [1. 0. 1. 0.]
 [0. 1. 0. 1.]]
i_row_wgt_w
 [[2. 2. 1. 1.]
 [2. 1. 1. 0.]
 [1. 1. 0. 0.]
 [1. 0. 0. 2.]]
i_row_wgt_h
 [[1. 1. 1. 1.]
 [1. 1. 1. 1.]
 [1. 1. 1. 1.]
 [1. 1. 1. 0.]]
i_row_ofm_w
 [[1. 1. 1. 1.]
 [1. 1. 1. 1.]
 [1. 1. 1. 1.]
 [1. 1. 1. 1.]]
i_row_ofm_h
 [[0. 0. 0. 0.]
 [0. 0. 0. 0.]
 [0. 0. 0. 0.]
 [0. 0. 0. 0.]]
cycles===============> 29
i_row_wgt_ci
 [[0. 1. 0. 1.]
 [1. 0. 1. 0.]
 [0. 1. 0. 1.]
 [1. 0. 1. 0.]]
i_row_wgt_w
 [[0. 2. 2. 1.]
 [2. 2. 1. 1.]
 [2. 1. 1. 0.]
 [1. 1. 0. 0.]]
i_row_wgt_h
 [[2. 1. 1. 1.]
 [1. 1. 1. 1.]
 [1. 1. 1. 1.]
 [1. 1. 1. 1.]]
i_row_ofm_w
 [[1. 1. 1. 1.]
 [1. 1. 1. 1.]
 [1. 1. 1. 1.]
 [1. 1. 1. 1.]]
i_row_ofm_h
 [[0. 0. 0. 0.]
 [0. 0. 0. 0.]
 [0. 0. 0. 0.]
 [0. 0. 0. 0.]]
cycles===============> 30
i_row_wgt_ci
 [[1. 0. 1. 0.]
 [0. 1. 0. 1.]
 [1. 0. 1. 0.]
 [0. 1. 0. 1.]]
i_row_wgt_w
 [[0. 0. 2. 2.]
 [0. 2. 2. 1.]
 [2. 2. 1. 1.]
 [2. 1. 1. 0.]]
i_row_wgt_h
 [[2. 2. 1. 1.]
 [2. 1. 1. 1.]
 [1. 1. 1. 1.]
 [1. 1. 1. 1.]]
i_row_ofm_w
 [[1. 1. 1. 1.]
 [1. 1. 1. 1.]
 [1. 1. 1. 1.]
 [1. 1. 1. 1.]]
i_row_ofm_h
 [[0. 0. 0. 0.]
 [0. 0. 0. 0.]
 [0. 0. 0. 0.]
 [0. 0. 0. 0.]]
cycles===============> 31
i_row_wgt_ci
 [[0. 1. 0. 1.]
 [1. 0. 1. 0.]
 [0. 1. 0. 1.]
 [1. 0. 1. 0.]]
i_row_wgt_w
 [[1. 0. 0. 2.]
 [0. 0. 2. 2.]
 [0. 2. 2. 1.]
 [2. 2. 1. 1.]]
i_row_wgt_h
 [[2. 2. 2. 1.]
 [2. 2. 1. 1.]
 [2. 1. 1. 1.]
 [1. 1. 1. 1.]]
i_row_ofm_w
 [[1. 1. 1. 1.]
 [1. 1. 1. 1.]
 [1. 1. 1. 1.]
 [1. 1. 1. 1.]]
i_row_ofm_h
 [[0. 0. 0. 0.]
 [0. 0. 0. 0.]
 [0. 0. 0. 0.]
 [0. 0. 0. 0.]]
cycles===============> 32
i_row_wgt_ci
 [[1. 0. 1. 0.]
 [0. 1. 0. 1.]
 [1. 0. 1. 0.]
 [0. 1. 0. 1.]]
i_row_wgt_w
 [[1. 1. 0. 0.]
 [1. 0. 0. 2.]
 [0. 0. 2. 2.]
 [0. 2. 2. 1.]]
i_row_wgt_h
 [[2. 2. 2. 2.]
 [2. 2. 2. 1.]
 [2. 2. 1. 1.]
 [2. 1. 1. 1.]]
i_row_ofm_w
 [[1. 1. 1. 1.]
 [1. 1. 1. 1.]
 [1. 1. 1. 1.]
 [1. 1. 1. 1.]]
i_row_ofm_h
 [[0. 0. 0. 0.]
 [0. 0. 0. 0.]
 [0. 0. 0. 0.]
 [0. 0. 0. 0.]]
cycles===============> 33
i_row_wgt_ci
 [[0. 1. 0. 1.]
 [1. 0. 1. 0.]
 [0. 1. 0. 1.]
 [1. 0. 1. 0.]]
i_row_wgt_w
 [[2. 1. 1. 0.]
 [1. 1. 0. 0.]
 [1. 0. 0. 2.]
 [0. 0. 2. 2.]]
i_row_wgt_h
 [[2. 2. 2. 2.]
 [2. 2. 2. 2.]
 [2. 2. 2. 1.]
 [2. 2. 1. 1.]]
i_row_ofm_w
 [[1. 1. 1. 1.]
 [1. 1. 1. 1.]
 [1. 1. 1. 1.]
 [1. 1. 1. 1.]]
i_row_ofm_h
 [[0. 0. 0. 0.]
 [0. 0. 0. 0.]
 [0. 0. 0. 0.]
 [0. 0. 0. 0.]]
cycles===============> 34
i_row_wgt_ci
 [[1. 0. 1. 0.]
 [0. 1. 0. 1.]
 [1. 0. 1. 0.]
 [0. 1. 0. 1.]]
i_row_wgt_w
 [[2. 2. 1. 1.]
 [2. 1. 1. 0.]
 [1. 1. 0. 0.]
 [1. 0. 0. 2.]]
i_row_wgt_h
 [[2. 2. 2. 2.]
 [2. 2. 2. 2.]
 [2. 2. 2. 2.]
 [2. 2. 2. 1.]]
i_row_ofm_w
 [[1. 1. 1. 1.]
 [1. 1. 1. 1.]
 [1. 1. 1. 1.]
 [1. 1. 1. 1.]]
i_row_ofm_h
 [[0. 0. 0. 0.]
 [0. 0. 0. 0.]
 [0. 0. 0. 0.]
 [0. 0. 0. 0.]]
cycles===============> 35
i_row_wgt_ci
 [[0. 1. 0. 1.]
 [1. 0. 1. 0.]
 [0. 1. 0. 1.]
 [1. 0. 1. 0.]]
i_row_wgt_w
 [[0. 2. 2. 1.]
 [2. 2. 1. 1.]
 [2. 1. 1. 0.]
 [1. 1. 0. 0.]]
i_row_wgt_h
 [[0. 2. 2. 2.]
 [2. 2. 2. 2.]
 [2. 2. 2. 2.]
 [2. 2. 2. 2.]]
i_row_ofm_w
 [[2. 1. 1. 1.]
 [1. 1. 1. 1.]
 [1. 1. 1. 1.]
 [1. 1. 1. 1.]]
i_row_ofm_h
 [[0. 0. 0. 0.]
 [0. 0. 0. 0.]
 [0. 0. 0. 0.]
 [0. 0. 0. 0.]]
cycles===============> 36
i_row_wgt_ci
 [[1. 0. 1. 0.]
 [0. 1. 0. 1.]
 [1. 0. 1. 0.]
 [0. 1. 0. 1.]]
i_row_wgt_w
 [[0. 0. 2. 2.]
 [0. 2. 2. 1.]
 [2. 2. 1. 1.]
 [2. 1. 1. 0.]]
i_row_wgt_h
 [[0. 0. 2. 2.]
 [0. 2. 2. 2.]
 [2. 2. 2. 2.]
 [2. 2. 2. 2.]]
i_row_ofm_w
 [[2. 2. 1. 1.]
 [2. 1. 1. 1.]
 [1. 1. 1. 1.]
 [1. 1. 1. 1.]]
i_row_ofm_h
 [[0. 0. 0. 0.]
 [0. 0. 0. 0.]
 [0. 0. 0. 0.]
 [0. 0. 0. 0.]]
cycles===============> 37
i_row_wgt_ci
 [[0. 1. 0. 1.]
 [1. 0. 1. 0.]
 [0. 1. 0. 1.]
 [1. 0. 1. 0.]]
i_row_wgt_w
 [[1. 0. 0. 2.]
 [0. 0. 2. 2.]
 [0. 2. 2. 1.]
 [2. 2. 1. 1.]]
i_row_wgt_h
 [[0. 0. 0. 2.]
 [0. 0. 2. 2.]
 [0. 2. 2. 2.]
 [2. 2. 2. 2.]]
i_row_ofm_w
 [[2. 2. 2. 1.]
 [2. 2. 1. 1.]
 [2. 1. 1. 1.]
 [1. 1. 1. 1.]]
i_row_ofm_h
 [[0. 0. 0. 0.]
 [0. 0. 0. 0.]
 [0. 0. 0. 0.]
 [0. 0. 0. 0.]]
cycles===============> 38
i_row_wgt_ci
 [[1. 0. 1. 0.]
 [0. 1. 0. 1.]
 [1. 0. 1. 0.]
 [0. 1. 0. 1.]]
i_row_wgt_w
 [[1. 1. 0. 0.]
 [1. 0. 0. 2.]
 [0. 0. 2. 2.]
 [0. 2. 2. 1.]]
i_row_wgt_h
 [[0. 0. 0. 0.]
 [0. 0. 0. 2.]
 [0. 0. 2. 2.]
 [0. 2. 2. 2.]]
i_row_ofm_w
 [[2. 2. 2. 2.]
 [2. 2. 2. 1.]
 [2. 2. 1. 1.]
 [2. 1. 1. 1.]]
i_row_ofm_h
 [[0. 0. 0. 0.]
 [0. 0. 0. 0.]
 [0. 0. 0. 0.]
 [0. 0. 0. 0.]]
cycles===============> 39
i_row_wgt_ci
 [[0. 1. 0. 1.]
 [1. 0. 1. 0.]
 [0. 1. 0. 1.]
 [1. 0. 1. 0.]]
i_row_wgt_w
 [[2. 1. 1. 0.]
 [1. 1. 0. 0.]
 [1. 0. 0. 2.]
 [0. 0. 2. 2.]]
i_row_wgt_h
 [[0. 0. 0. 0.]
 [0. 0. 0. 0.]
 [0. 0. 0. 2.]
 [0. 0. 2. 2.]]
i_row_ofm_w
 [[2. 2. 2. 2.]
 [2. 2. 2. 2.]
 [2. 2. 2. 1.]
 [2. 2. 1. 1.]]
i_row_ofm_h
 [[0. 0. 0. 0.]
 [0. 0. 0. 0.]
 [0. 0. 0. 0.]
 [0. 0. 0. 0.]]
cycles===============> 40
i_row_wgt_ci
 [[1. 0. 1. 0.]
 [0. 1. 0. 1.]
 [1. 0. 1. 0.]
 [0. 1. 0. 1.]]
i_row_wgt_w
 [[2. 2. 1. 1.]
 [2. 1. 1. 0.]
 [1. 1. 0. 0.]
 [1. 0. 0. 2.]]
i_row_wgt_h
 [[0. 0. 0. 0.]
 [0. 0. 0. 0.]
 [0. 0. 0. 0.]
 [0. 0. 0. 2.]]
i_row_ofm_w
 [[2. 2. 2. 2.]
 [2. 2. 2. 2.]
 [2. 2. 2. 2.]
 [2. 2. 2. 1.]]
i_row_ofm_h
 [[0. 0. 0. 0.]
 [0. 0. 0. 0.]
 [0. 0. 0. 0.]
 [0. 0. 0. 0.]]
cycles===============> 41
i_row_wgt_ci
 [[0. 1. 0. 1.]
 [1. 0. 1. 0.]
 [0. 1. 0. 1.]
 [1. 0. 1. 0.]]
i_row_wgt_w
 [[0. 2. 2. 1.]
 [2. 2. 1. 1.]
 [2. 1. 1. 0.]
 [1. 1. 0. 0.]]
i_row_wgt_h
 [[1. 0. 0. 0.]
 [0. 0. 0. 0.]
 [0. 0. 0. 0.]
 [0. 0. 0. 0.]]
i_row_ofm_w
 [[2. 2. 2. 2.]
 [2. 2. 2. 2.]
 [2. 2. 2. 2.]
 [2. 2. 2. 2.]]
i_row_ofm_h
 [[0. 0. 0. 0.]
 [0. 0. 0. 0.]
 [0. 0. 0. 0.]
 [0. 0. 0. 0.]]
cycles===============> 42
i_row_wgt_ci
 [[1. 0. 1. 0.]
 [0. 1. 0. 1.]
 [1. 0. 1. 0.]
 [0. 1. 0. 1.]]
i_row_wgt_w
 [[0. 0. 2. 2.]
 [0. 2. 2. 1.]
 [2. 2. 1. 1.]
 [2. 1. 1. 0.]]
i_row_wgt_h
 [[1. 1. 0. 0.]
 [1. 0. 0. 0.]
 [0. 0. 0. 0.]
 [0. 0. 0. 0.]]
i_row_ofm_w
 [[2. 2. 2. 2.]
 [2. 2. 2. 2.]
 [2. 2. 2. 2.]
 [2. 2. 2. 2.]]
i_row_ofm_h
 [[0. 0. 0. 0.]
 [0. 0. 0. 0.]
 [0. 0. 0. 0.]
 [0. 0. 0. 0.]]
cycles===============> 43
i_row_wgt_ci
 [[0. 1. 0. 1.]
 [1. 0. 1. 0.]
 [0. 1. 0. 1.]
 [1. 0. 1. 0.]]
i_row_wgt_w
 [[1. 0. 0. 2.]
 [0. 0. 2. 2.]
 [0. 2. 2. 1.]
 [2. 2. 1. 1.]]
i_row_wgt_h
 [[1. 1. 1. 0.]
 [1. 1. 0. 0.]
 [1. 0. 0. 0.]
 [0. 0. 0. 0.]]
i_row_ofm_w
 [[2. 2. 2. 2.]
 [2. 2. 2. 2.]
 [2. 2. 2. 2.]
 [2. 2. 2. 2.]]
i_row_ofm_h
 [[0. 0. 0. 0.]
 [0. 0. 0. 0.]
 [0. 0. 0. 0.]
 [0. 0. 0. 0.]]
cycles===============> 44
i_row_wgt_ci
 [[1. 0. 1. 0.]
 [0. 1. 0. 1.]
 [1. 0. 1. 0.]
 [0. 1. 0. 1.]]
i_row_wgt_w
 [[1. 1. 0. 0.]
 [1. 0. 0. 2.]
 [0. 0. 2. 2.]
 [0. 2. 2. 1.]]
i_row_wgt_h
 [[1. 1. 1. 1.]
 [1. 1. 1. 0.]
 [1. 1. 0. 0.]
 [1. 0. 0. 0.]]
i_row_ofm_w
 [[2. 2. 2. 2.]
 [2. 2. 2. 2.]
 [2. 2. 2. 2.]
 [2. 2. 2. 2.]]
i_row_ofm_h
 [[0. 0. 0. 0.]
 [0. 0. 0. 0.]
 [0. 0. 0. 0.]
 [0. 0. 0. 0.]]
cycles===============> 45
i_row_wgt_ci
 [[0. 1. 0. 1.]
 [1. 0. 1. 0.]
 [0. 1. 0. 1.]
 [1. 0. 1. 0.]]
i_row_wgt_w
 [[2. 1. 1. 0.]
 [1. 1. 0. 0.]
 [1. 0. 0. 2.]
 [0. 0. 2. 2.]]
i_row_wgt_h
 [[1. 1. 1. 1.]
 [1. 1. 1. 1.]
 [1. 1. 1. 0.]
 [1. 1. 0. 0.]]
i_row_ofm_w
 [[2. 2. 2. 2.]
 [2. 2. 2. 2.]
 [2. 2. 2. 2.]
 [2. 2. 2. 2.]]
i_row_ofm_h
 [[0. 0. 0. 0.]
 [0. 0. 0. 0.]
 [0. 0. 0. 0.]
 [0. 0. 0. 0.]]
cycles===============> 46
i_row_wgt_ci
 [[1. 0. 1. 0.]
 [0. 1. 0. 1.]
 [1. 0. 1. 0.]
 [0. 1. 0. 1.]]
i_row_wgt_w
 [[2. 2. 1. 1.]
 [2. 1. 1. 0.]
 [1. 1. 0. 0.]
 [1. 0. 0. 2.]]
i_row_wgt_h
 [[1. 1. 1. 1.]
 [1. 1. 1. 1.]
 [1. 1. 1. 1.]
 [1. 1. 1. 0.]]
i_row_ofm_w
 [[2. 2. 2. 2.]
 [2. 2. 2. 2.]
 [2. 2. 2. 2.]
 [2. 2. 2. 2.]]
i_row_ofm_h
 [[0. 0. 0. 0.]
 [0. 0. 0. 0.]
 [0. 0. 0. 0.]
 [0. 0. 0. 0.]]
cycles===============> 47
i_row_wgt_ci
 [[0. 1. 0. 1.]
 [1. 0. 1. 0.]
 [0. 1. 0. 1.]
 [1. 0. 1. 0.]]
i_row_wgt_w
 [[0. 2. 2. 1.]
 [2. 2. 1. 1.]
 [2. 1. 1. 0.]
 [1. 1. 0. 0.]]
i_row_wgt_h
 [[2. 1. 1. 1.]
 [1. 1. 1. 1.]
 [1. 1. 1. 1.]
 [1. 1. 1. 1.]]
i_row_ofm_w
 [[2. 2. 2. 2.]
 [2. 2. 2. 2.]
 [2. 2. 2. 2.]
 [2. 2. 2. 2.]]
i_row_ofm_h
 [[0. 0. 0. 0.]
 [0. 0. 0. 0.]
 [0. 0. 0. 0.]
 [0. 0. 0. 0.]]
cycles===============> 48
i_row_wgt_ci
 [[1. 0. 1. 0.]
 [0. 1. 0. 1.]
 [1. 0. 1. 0.]
 [0. 1. 0. 1.]]
i_row_wgt_w
 [[0. 0. 2. 2.]
 [0. 2. 2. 1.]
 [2. 2. 1. 1.]
 [2. 1. 1. 0.]]
i_row_wgt_h
 [[2. 2. 1. 1.]
 [2. 1. 1. 1.]
 [1. 1. 1. 1.]
 [1. 1. 1. 1.]]
i_row_ofm_w
 [[2. 2. 2. 2.]
 [2. 2. 2. 2.]
 [2. 2. 2. 2.]
 [2. 2. 2. 2.]]
i_row_ofm_h
 [[0. 0. 0. 0.]
 [0. 0. 0. 0.]
 [0. 0. 0. 0.]
 [0. 0. 0. 0.]]
cycles===============> 49
i_row_wgt_ci
 [[0. 1. 0. 1.]
 [1. 0. 1. 0.]
 [0. 1. 0. 1.]
 [1. 0. 1. 0.]]
i_row_wgt_w
 [[1. 0. 0. 2.]
 [0. 0. 2. 2.]
 [0. 2. 2. 1.]
 [2. 2. 1. 1.]]
i_row_wgt_h
 [[2. 2. 2. 1.]
 [2. 2. 1. 1.]
 [2. 1. 1. 1.]
 [1. 1. 1. 1.]]
i_row_ofm_w
 [[2. 2. 2. 2.]
 [2. 2. 2. 2.]
 [2. 2. 2. 2.]
 [2. 2. 2. 2.]]
i_row_ofm_h
 [[0. 0. 0. 0.]
 [0. 0. 0. 0.]
 [0. 0. 0. 0.]
 [0. 0. 0. 0.]]
cycles===============> 50
i_row_wgt_ci
 [[1. 0. 1. 0.]
 [0. 1. 0. 1.]
 [1. 0. 1. 0.]
 [0. 1. 0. 1.]]
i_row_wgt_w
 [[1. 1. 0. 0.]
 [1. 0. 0. 2.]
 [0. 0. 2. 2.]
 [0. 2. 2. 1.]]
i_row_wgt_h
 [[2. 2. 2. 2.]
 [2. 2. 2. 1.]
 [2. 2. 1. 1.]
 [2. 1. 1. 1.]]
i_row_ofm_w
 [[2. 2. 2. 2.]
 [2. 2. 2. 2.]
 [2. 2. 2. 2.]
 [2. 2. 2. 2.]]
i_row_ofm_h
 [[0. 0. 0. 0.]
 [0. 0. 0. 0.]
 [0. 0. 0. 0.]
 [0. 0. 0. 0.]]
cycles===============> 51
i_row_wgt_ci
 [[0. 1. 0. 1.]
 [1. 0. 1. 0.]
 [0. 1. 0. 1.]
 [1. 0. 1. 0.]]
i_row_wgt_w
 [[2. 1. 1. 0.]
 [1. 1. 0. 0.]
 [1. 0. 0. 2.]
 [0. 0. 2. 2.]]
i_row_wgt_h
 [[2. 2. 2. 2.]
 [2. 2. 2. 2.]
 [2. 2. 2. 1.]
 [2. 2. 1. 1.]]
i_row_ofm_w
 [[2. 2. 2. 2.]
 [2. 2. 2. 2.]
 [2. 2. 2. 2.]
 [2. 2. 2. 2.]]
i_row_ofm_h
 [[0. 0. 0. 0.]
 [0. 0. 0. 0.]
 [0. 0. 0. 0.]
 [0. 0. 0. 0.]]
cycles===============> 52
i_row_wgt_ci
 [[1. 0. 1. 0.]
 [0. 1. 0. 1.]
 [1. 0. 1. 0.]
 [0. 1. 0. 1.]]
i_row_wgt_w
 [[2. 2. 1. 1.]
 [2. 1. 1. 0.]
 [1. 1. 0. 0.]
 [1. 0. 0. 2.]]
i_row_wgt_h
 [[2. 2. 2. 2.]
 [2. 2. 2. 2.]
 [2. 2. 2. 2.]
 [2. 2. 2. 1.]]
i_row_ofm_w
 [[2. 2. 2. 2.]
 [2. 2. 2. 2.]
 [2. 2. 2. 2.]
 [2. 2. 2. 2.]]
i_row_ofm_h
 [[0. 0. 0. 0.]
 [0. 0. 0. 0.]
 [0. 0. 0. 0.]
 [0. 0. 0. 0.]]
cycles===============> 53
i_row_wgt_ci
 [[0. 1. 0. 1.]
 [1. 0. 1. 0.]
 [0. 1. 0. 1.]
 [1. 0. 1. 0.]]
i_row_wgt_w
 [[0. 2. 2. 1.]
 [2. 2. 1. 1.]
 [2. 1. 1. 0.]
 [1. 1. 0. 0.]]
i_row_wgt_h
 [[0. 2. 2. 2.]
 [2. 2. 2. 2.]
 [2. 2. 2. 2.]
 [2. 2. 2. 2.]]
i_row_ofm_w
 [[3. 2. 2. 2.]
 [2. 2. 2. 2.]
 [2. 2. 2. 2.]
 [2. 2. 2. 2.]]
i_row_ofm_h
 [[0. 0. 0. 0.]
 [0. 0. 0. 0.]
 [0. 0. 0. 0.]
 [0. 0. 0. 0.]]
cycles===============> 54
i_row_wgt_ci
 [[1. 0. 1. 0.]
 [0. 1. 0. 1.]
 [1. 0. 1. 0.]
 [0. 1. 0. 1.]]
i_row_wgt_w
 [[0. 0. 2. 2.]
 [0. 2. 2. 1.]
 [2. 2. 1. 1.]
 [2. 1. 1. 0.]]
i_row_wgt_h
 [[0. 0. 2. 2.]
 [0. 2. 2. 2.]
 [2. 2. 2. 2.]
 [2. 2. 2. 2.]]
i_row_ofm_w
 [[3. 3. 2. 2.]
 [3. 2. 2. 2.]
 [2. 2. 2. 2.]
 [2. 2. 2. 2.]]
i_row_ofm_h
 [[0. 0. 0. 0.]
 [0. 0. 0. 0.]
 [0. 0. 0. 0.]
 [0. 0. 0. 0.]]
cycles===============> 55
i_row_wgt_ci
 [[0. 1. 0. 1.]
 [1. 0. 1. 0.]
 [0. 1. 0. 1.]
 [1. 0. 1. 0.]]
i_row_wgt_w
 [[1. 0. 0. 2.]
 [0. 0. 2. 2.]
 [0. 2. 2. 1.]
 [2. 2. 1. 1.]]
i_row_wgt_h
 [[0. 0. 0. 2.]
 [0. 0. 2. 2.]
 [0. 2. 2. 2.]
 [2. 2. 2. 2.]]
i_row_ofm_w
 [[3. 3. 3. 2.]
 [3. 3. 2. 2.]
 [3. 2. 2. 2.]
 [2. 2. 2. 2.]]
i_row_ofm_h
 [[0. 0. 0. 0.]
 [0. 0. 0. 0.]
 [0. 0. 0. 0.]
 [0. 0. 0. 0.]]
cycles===============> 56
i_row_wgt_ci
 [[1. 0. 1. 0.]
 [0. 1. 0. 1.]
 [1. 0. 1. 0.]
 [0. 1. 0. 1.]]
i_row_wgt_w
 [[1. 1. 0. 0.]
 [1. 0. 0. 2.]
 [0. 0. 2. 2.]
 [0. 2. 2. 1.]]
i_row_wgt_h
 [[0. 0. 0. 0.]
 [0. 0. 0. 2.]
 [0. 0. 2. 2.]
 [0. 2. 2. 2.]]
i_row_ofm_w
 [[3. 3. 3. 3.]
 [3. 3. 3. 2.]
 [3. 3. 2. 2.]
 [3. 2. 2. 2.]]
i_row_ofm_h
 [[0. 0. 0. 0.]
 [0. 0. 0. 0.]
 [0. 0. 0. 0.]
 [0. 0. 0. 0.]]
cycles===============> 57
i_row_wgt_ci
 [[0. 1. 0. 1.]
 [1. 0. 1. 0.]
 [0. 1. 0. 1.]
 [1. 0. 1. 0.]]
i_row_wgt_w
 [[2. 1. 1. 0.]
 [1. 1. 0. 0.]
 [1. 0. 0. 2.]
 [0. 0. 2. 2.]]
i_row_wgt_h
 [[0. 0. 0. 0.]
 [0. 0. 0. 0.]
 [0. 0. 0. 2.]
 [0. 0. 2. 2.]]
i_row_ofm_w
 [[3. 3. 3. 3.]
 [3. 3. 3. 3.]
 [3. 3. 3. 2.]
 [3. 3. 2. 2.]]
i_row_ofm_h
 [[0. 0. 0. 0.]
 [0. 0. 0. 0.]
 [0. 0. 0. 0.]
 [0. 0. 0. 0.]]
cycles===============> 58
i_row_wgt_ci
 [[1. 0. 1. 0.]
 [0. 1. 0. 1.]
 [1. 0. 1. 0.]
 [0. 1. 0. 1.]]
i_row_wgt_w
 [[2. 2. 1. 1.]
 [2. 1. 1. 0.]
 [1. 1. 0. 0.]
 [1. 0. 0. 2.]]
i_row_wgt_h
 [[0. 0. 0. 0.]
 [0. 0. 0. 0.]
 [0. 0. 0. 0.]
 [0. 0. 0. 2.]]
i_row_ofm_w
 [[3. 3. 3. 3.]
 [3. 3. 3. 3.]
 [3. 3. 3. 3.]
 [3. 3. 3. 2.]]
i_row_ofm_h
 [[0. 0. 0. 0.]
 [0. 0. 0. 0.]
 [0. 0. 0. 0.]
 [0. 0. 0. 0.]]
cycles===============> 59
i_row_wgt_ci
 [[0. 1. 0. 1.]
 [1. 0. 1. 0.]
 [0. 1. 0. 1.]
 [1. 0. 1. 0.]]
i_row_wgt_w
 [[0. 2. 2. 1.]
 [2. 2. 1. 1.]
 [2. 1. 1. 0.]
 [1. 1. 0. 0.]]
i_row_wgt_h
 [[1. 0. 0. 0.]
 [0. 0. 0. 0.]
 [0. 0. 0. 0.]
 [0. 0. 0. 0.]]
i_row_ofm_w
 [[3. 3. 3. 3.]
 [3. 3. 3. 3.]
 [3. 3. 3. 3.]
 [3. 3. 3. 3.]]
i_row_ofm_h
 [[0. 0. 0. 0.]
 [0. 0. 0. 0.]
 [0. 0. 0. 0.]
 [0. 0. 0. 0.]]
cycles===============> 60
i_row_wgt_ci
 [[1. 0. 1. 0.]
 [0. 1. 0. 1.]
 [1. 0. 1. 0.]
 [0. 1. 0. 1.]]
i_row_wgt_w
 [[0. 0. 2. 2.]
 [0. 2. 2. 1.]
 [2. 2. 1. 1.]
 [2. 1. 1. 0.]]
i_row_wgt_h
 [[1. 1. 0. 0.]
 [1. 0. 0. 0.]
 [0. 0. 0. 0.]
 [0. 0. 0. 0.]]
i_row_ofm_w
 [[3. 3. 3. 3.]
 [3. 3. 3. 3.]
 [3. 3. 3. 3.]
 [3. 3. 3. 3.]]
i_row_ofm_h
 [[0. 0. 0. 0.]
 [0. 0. 0. 0.]
 [0. 0. 0. 0.]
 [0. 0. 0. 0.]]
cycles===============> 61
i_row_wgt_ci
 [[0. 1. 0. 1.]
 [1. 0. 1. 0.]
 [0. 1. 0. 1.]
 [1. 0. 1. 0.]]
i_row_wgt_w
 [[1. 0. 0. 2.]
 [0. 0. 2. 2.]
 [0. 2. 2. 1.]
 [2. 2. 1. 1.]]
i_row_wgt_h
 [[1. 1. 1. 0.]
 [1. 1. 0. 0.]
 [1. 0. 0. 0.]
 [0. 0. 0. 0.]]
i_row_ofm_w
 [[3. 3. 3. 3.]
 [3. 3. 3. 3.]
 [3. 3. 3. 3.]
 [3. 3. 3. 3.]]
i_row_ofm_h
 [[0. 0. 0. 0.]
 [0. 0. 0. 0.]
 [0. 0. 0. 0.]
 [0. 0. 0. 0.]]
cycles===============> 62
i_row_wgt_ci
 [[1. 0. 1. 0.]
 [0. 1. 0. 1.]
 [1. 0. 1. 0.]
 [0. 1. 0. 1.]]
i_row_wgt_w
 [[1. 1. 0. 0.]
 [1. 0. 0. 2.]
 [0. 0. 2. 2.]
 [0. 2. 2. 1.]]
i_row_wgt_h
 [[1. 1. 1. 1.]
 [1. 1. 1. 0.]
 [1. 1. 0. 0.]
 [1. 0. 0. 0.]]
i_row_ofm_w
 [[3. 3. 3. 3.]
 [3. 3. 3. 3.]
 [3. 3. 3. 3.]
 [3. 3. 3. 3.]]
i_row_ofm_h
 [[0. 0. 0. 0.]
 [0. 0. 0. 0.]
 [0. 0. 0. 0.]
 [0. 0. 0. 0.]]
cycles===============> 63
i_row_wgt_ci
 [[0. 1. 0. 1.]
 [1. 0. 1. 0.]
 [0. 1. 0. 1.]
 [1. 0. 1. 0.]]
i_row_wgt_w
 [[2. 1. 1. 0.]
 [1. 1. 0. 0.]
 [1. 0. 0. 2.]
 [0. 0. 2. 2.]]
i_row_wgt_h
 [[1. 1. 1. 1.]
 [1. 1. 1. 1.]
 [1. 1. 1. 0.]
 [1. 1. 0. 0.]]
i_row_ofm_w
 [[3. 3. 3. 3.]
 [3. 3. 3. 3.]
 [3. 3. 3. 3.]
 [3. 3. 3. 3.]]
i_row_ofm_h
 [[0. 0. 0. 0.]
 [0. 0. 0. 0.]
 [0. 0. 0. 0.]
 [0. 0. 0. 0.]]
cycles===============> 64
i_row_wgt_ci
 [[1. 0. 1. 0.]
 [0. 1. 0. 1.]
 [1. 0. 1. 0.]
 [0. 1. 0. 1.]]
i_row_wgt_w
 [[2. 2. 1. 1.]
 [2. 1. 1. 0.]
 [1. 1. 0. 0.]
 [1. 0. 0. 2.]]
i_row_wgt_h
 [[1. 1. 1. 1.]
 [1. 1. 1. 1.]
 [1. 1. 1. 1.]
 [1. 1. 1. 0.]]
i_row_ofm_w
 [[3. 3. 3. 3.]
 [3. 3. 3. 3.]
 [3. 3. 3. 3.]
 [3. 3. 3. 3.]]
i_row_ofm_h
 [[0. 0. 0. 0.]
 [0. 0. 0. 0.]
 [0. 0. 0. 0.]
 [0. 0. 0. 0.]]
cycles===============> 65
i_row_wgt_ci
 [[0. 1. 0. 1.]
 [1. 0. 1. 0.]
 [0. 1. 0. 1.]
 [1. 0. 1. 0.]]
i_row_wgt_w
 [[0. 2. 2. 1.]
 [2. 2. 1. 1.]
 [2. 1. 1. 0.]
 [1. 1. 0. 0.]]
i_row_wgt_h
 [[2. 1. 1. 1.]
 [1. 1. 1. 1.]
 [1. 1. 1. 1.]
 [1. 1. 1. 1.]]
i_row_ofm_w
 [[3. 3. 3. 3.]
 [3. 3. 3. 3.]
 [3. 3. 3. 3.]
 [3. 3. 3. 3.]]
i_row_ofm_h
 [[0. 0. 0. 0.]
 [0. 0. 0. 0.]
 [0. 0. 0. 0.]
 [0. 0. 0. 0.]]
cycles===============> 66
i_row_wgt_ci
 [[1. 0. 1. 0.]
 [0. 1. 0. 1.]
 [1. 0. 1. 0.]
 [0. 1. 0. 1.]]
i_row_wgt_w
 [[0. 0. 2. 2.]
 [0. 2. 2. 1.]
 [2. 2. 1. 1.]
 [2. 1. 1. 0.]]
i_row_wgt_h
 [[2. 2. 1. 1.]
 [2. 1. 1. 1.]
 [1. 1. 1. 1.]
 [1. 1. 1. 1.]]
i_row_ofm_w
 [[3. 3. 3. 3.]
 [3. 3. 3. 3.]
 [3. 3. 3. 3.]
 [3. 3. 3. 3.]]
i_row_ofm_h
 [[0. 0. 0. 0.]
 [0. 0. 0. 0.]
 [0. 0. 0. 0.]
 [0. 0. 0. 0.]]
cycles===============> 67
i_row_wgt_ci
 [[0. 1. 0. 1.]
 [1. 0. 1. 0.]
 [0. 1. 0. 1.]
 [1. 0. 1. 0.]]
i_row_wgt_w
 [[1. 0. 0. 2.]
 [0. 0. 2. 2.]
 [0. 2. 2. 1.]
 [2. 2. 1. 1.]]
i_row_wgt_h
 [[2. 2. 2. 1.]
 [2. 2. 1. 1.]
 [2. 1. 1. 1.]
 [1. 1. 1. 1.]]
i_row_ofm_w
 [[3. 3. 3. 3.]
 [3. 3. 3. 3.]
 [3. 3. 3. 3.]
 [3. 3. 3. 3.]]
i_row_ofm_h
 [[0. 0. 0. 0.]
 [0. 0. 0. 0.]
 [0. 0. 0. 0.]
 [0. 0. 0. 0.]]
cycles===============> 68
i_row_wgt_ci
 [[1. 0. 1. 0.]
 [0. 1. 0. 1.]
 [1. 0. 1. 0.]
 [0. 1. 0. 1.]]
i_row_wgt_w
 [[1. 1. 0. 0.]
 [1. 0. 0. 2.]
 [0. 0. 2. 2.]
 [0. 2. 2. 1.]]
i_row_wgt_h
 [[2. 2. 2. 2.]
 [2. 2. 2. 1.]
 [2. 2. 1. 1.]
 [2. 1. 1. 1.]]
i_row_ofm_w
 [[3. 3. 3. 3.]
 [3. 3. 3. 3.]
 [3. 3. 3. 3.]
 [3. 3. 3. 3.]]
i_row_ofm_h
 [[0. 0. 0. 0.]
 [0. 0. 0. 0.]
 [0. 0. 0. 0.]
 [0. 0. 0. 0.]]
cycles===============> 69
i_row_wgt_ci
 [[0. 1. 0. 1.]
 [1. 0. 1. 0.]
 [0. 1. 0. 1.]
 [1. 0. 1. 0.]]
i_row_wgt_w
 [[2. 1. 1. 0.]
 [1. 1. 0. 0.]
 [1. 0. 0. 2.]
 [0. 0. 2. 2.]]
i_row_wgt_h
 [[2. 2. 2. 2.]
 [2. 2. 2. 2.]
 [2. 2. 2. 1.]
 [2. 2. 1. 1.]]
i_row_ofm_w
 [[3. 3. 3. 3.]
 [3. 3. 3. 3.]
 [3. 3. 3. 3.]
 [3. 3. 3. 3.]]
i_row_ofm_h
 [[0. 0. 0. 0.]
 [0. 0. 0. 0.]
 [0. 0. 0. 0.]
 [0. 0. 0. 0.]]
cycles===============> 70
i_row_wgt_ci
 [[1. 0. 1. 0.]
 [0. 1. 0. 1.]
 [1. 0. 1. 0.]
 [0. 1. 0. 1.]]
i_row_wgt_w
 [[2. 2. 1. 1.]
 [2. 1. 1. 0.]
 [1. 1. 0. 0.]
 [1. 0. 0. 2.]]
i_row_wgt_h
 [[2. 2. 2. 2.]
 [2. 2. 2. 2.]
 [2. 2. 2. 2.]
 [2. 2. 2. 1.]]
i_row_ofm_w
 [[3. 3. 3. 3.]
 [3. 3. 3. 3.]
 [3. 3. 3. 3.]
 [3. 3. 3. 3.]]
i_row_ofm_h
 [[0. 0. 0. 0.]
 [0. 0. 0. 0.]
 [0. 0. 0. 0.]
 [0. 0. 0. 0.]]
cycles===============> 71
i_row_wgt_ci
 [[0. 1. 0. 1.]
 [1. 0. 1. 0.]
 [0. 1. 0. 1.]
 [1. 0. 1. 0.]]
i_row_wgt_w
 [[0. 2. 2. 1.]
 [2. 2. 1. 1.]
 [2. 1. 1. 0.]
 [1. 1. 0. 0.]]
i_row_wgt_h
 [[0. 2. 2. 2.]
 [2. 2. 2. 2.]
 [2. 2. 2. 2.]
 [2. 2. 2. 2.]]
i_row_ofm_w
 [[4. 3. 3. 3.]
 [3. 3. 3. 3.]
 [3. 3. 3. 3.]
 [3. 3. 3. 3.]]
i_row_ofm_h
 [[0. 0. 0. 0.]
 [0. 0. 0. 0.]
 [0. 0. 0. 0.]
 [0. 0. 0. 0.]]
cycles===============> 72
i_row_wgt_ci
 [[1. 0. 1. 0.]
 [0. 1. 0. 1.]
 [1. 0. 1. 0.]
 [0. 1. 0. 1.]]
i_row_wgt_w
 [[0. 0. 2. 2.]
 [0. 2. 2. 1.]
 [2. 2. 1. 1.]
 [2. 1. 1. 0.]]
i_row_wgt_h
 [[0. 0. 2. 2.]
 [0. 2. 2. 2.]
 [2. 2. 2. 2.]
 [2. 2. 2. 2.]]
i_row_ofm_w
 [[4. 4. 3. 3.]
 [4. 3. 3. 3.]
 [3. 3. 3. 3.]
 [3. 3. 3. 3.]]
i_row_ofm_h
 [[0. 0. 0. 0.]
 [0. 0. 0. 0.]
 [0. 0. 0. 0.]
 [0. 0. 0. 0.]]
cycles===============> 73
i_row_wgt_ci
 [[0. 1. 0. 1.]
 [1. 0. 1. 0.]
 [0. 1. 0. 1.]
 [1. 0. 1. 0.]]
i_row_wgt_w
 [[1. 0. 0. 2.]
 [0. 0. 2. 2.]
 [0. 2. 2. 1.]
 [2. 2. 1. 1.]]
i_row_wgt_h
 [[0. 0. 0. 2.]
 [0. 0. 2. 2.]
 [0. 2. 2. 2.]
 [2. 2. 2. 2.]]
i_row_ofm_w
 [[4. 4. 4. 3.]
 [4. 4. 3. 3.]
 [4. 3. 3. 3.]
 [3. 3. 3. 3.]]
i_row_ofm_h
 [[0. 0. 0. 0.]
 [0. 0. 0. 0.]
 [0. 0. 0. 0.]
 [0. 0. 0. 0.]]
cycles===============> 74
i_row_wgt_ci
 [[1. 0. 1. 0.]
 [0. 1. 0. 1.]
 [1. 0. 1. 0.]
 [0. 1. 0. 1.]]
i_row_wgt_w
 [[1. 1. 0. 0.]
 [1. 0. 0. 2.]
 [0. 0. 2. 2.]
 [0. 2. 2. 1.]]
i_row_wgt_h
 [[0. 0. 0. 0.]
 [0. 0. 0. 2.]
 [0. 0. 2. 2.]
 [0. 2. 2. 2.]]
i_row_ofm_w
 [[4. 4. 4. 4.]
 [4. 4. 4. 3.]
 [4. 4. 3. 3.]
 [4. 3. 3. 3.]]
i_row_ofm_h
 [[0. 0. 0. 0.]
 [0. 0. 0. 0.]
 [0. 0. 0. 0.]
 [0. 0. 0. 0.]]
cycles===============> 75
i_row_wgt_ci
 [[0. 1. 0. 1.]
 [1. 0. 1. 0.]
 [0. 1. 0. 1.]
 [1. 0. 1. 0.]]
i_row_wgt_w
 [[2. 1. 1. 0.]
 [1. 1. 0. 0.]
 [1. 0. 0. 2.]
 [0. 0. 2. 2.]]
i_row_wgt_h
 [[0. 0. 0. 0.]
 [0. 0. 0. 0.]
 [0. 0. 0. 2.]
 [0. 0. 2. 2.]]
i_row_ofm_w
 [[4. 4. 4. 4.]
 [4. 4. 4. 4.]
 [4. 4. 4. 3.]
 [4. 4. 3. 3.]]
i_row_ofm_h
 [[0. 0. 0. 0.]
 [0. 0. 0. 0.]
 [0. 0. 0. 0.]
 [0. 0. 0. 0.]]
cycles===============> 76
i_row_wgt_ci
 [[1. 0. 1. 0.]
 [0. 1. 0. 1.]
 [1. 0. 1. 0.]
 [0. 1. 0. 1.]]
i_row_wgt_w
 [[2. 2. 1. 1.]
 [2. 1. 1. 0.]
 [1. 1. 0. 0.]
 [1. 0. 0. 2.]]
i_row_wgt_h
 [[0. 0. 0. 0.]
 [0. 0. 0. 0.]
 [0. 0. 0. 0.]
 [0. 0. 0. 2.]]
i_row_ofm_w
 [[4. 4. 4. 4.]
 [4. 4. 4. 4.]
 [4. 4. 4. 4.]
 [4. 4. 4. 3.]]
i_row_ofm_h
 [[0. 0. 0. 0.]
 [0. 0. 0. 0.]
 [0. 0. 0. 0.]
 [0. 0. 0. 0.]]
cycles===============> 77
i_row_wgt_ci
 [[0. 1. 0. 1.]
 [1. 0. 1. 0.]
 [0. 1. 0. 1.]
 [1. 0. 1. 0.]]
i_row_wgt_w
 [[0. 2. 2. 1.]
 [2. 2. 1. 1.]
 [2. 1. 1. 0.]
 [1. 1. 0. 0.]]
i_row_wgt_h
 [[1. 0. 0. 0.]
 [0. 0. 0. 0.]
 [0. 0. 0. 0.]
 [0. 0. 0. 0.]]
i_row_ofm_w
 [[4. 4. 4. 4.]
 [4. 4. 4. 4.]
 [4. 4. 4. 4.]
 [4. 4. 4. 4.]]
i_row_ofm_h
 [[0. 0. 0. 0.]
 [0. 0. 0. 0.]
 [0. 0. 0. 0.]
 [0. 0. 0. 0.]]
cycles===============> 78
i_row_wgt_ci
 [[1. 0. 1. 0.]
 [0. 1. 0. 1.]
 [1. 0. 1. 0.]
 [0. 1. 0. 1.]]
i_row_wgt_w
 [[0. 0. 2. 2.]
 [0. 2. 2. 1.]
 [2. 2. 1. 1.]
 [2. 1. 1. 0.]]
i_row_wgt_h
 [[1. 1. 0. 0.]
 [1. 0. 0. 0.]
 [0. 0. 0. 0.]
 [0. 0. 0. 0.]]
i_row_ofm_w
 [[4. 4. 4. 4.]
 [4. 4. 4. 4.]
 [4. 4. 4. 4.]
 [4. 4. 4. 4.]]
i_row_ofm_h
 [[0. 0. 0. 0.]
 [0. 0. 0. 0.]
 [0. 0. 0. 0.]
 [0. 0. 0. 0.]]
cycles===============> 79
i_row_wgt_ci
 [[0. 1. 0. 1.]
 [1. 0. 1. 0.]
 [0. 1. 0. 1.]
 [1. 0. 1. 0.]]
i_row_wgt_w
 [[1. 0. 0. 2.]
 [0. 0. 2. 2.]
 [0. 2. 2. 1.]
 [2. 2. 1. 1.]]
i_row_wgt_h
 [[1. 1. 1. 0.]
 [1. 1. 0. 0.]
 [1. 0. 0. 0.]
 [0. 0. 0. 0.]]
i_row_ofm_w
 [[4. 4. 4. 4.]
 [4. 4. 4. 4.]
 [4. 4. 4. 4.]
 [4. 4. 4. 4.]]
i_row_ofm_h
 [[0. 0. 0. 0.]
 [0. 0. 0. 0.]
 [0. 0. 0. 0.]
 [0. 0. 0. 0.]]
cycles===============> 80
i_row_wgt_ci
 [[1. 0. 1. 0.]
 [0. 1. 0. 1.]
 [1. 0. 1. 0.]
 [0. 1. 0. 1.]]
i_row_wgt_w
 [[1. 1. 0. 0.]
 [1. 0. 0. 2.]
 [0. 0. 2. 2.]
 [0. 2. 2. 1.]]
i_row_wgt_h
 [[1. 1. 1. 1.]
 [1. 1. 1. 0.]
 [1. 1. 0. 0.]
 [1. 0. 0. 0.]]
i_row_ofm_w
 [[4. 4. 4. 4.]
 [4. 4. 4. 4.]
 [4. 4. 4. 4.]
 [4. 4. 4. 4.]]
i_row_ofm_h
 [[0. 0. 0. 0.]
 [0. 0. 0. 0.]
 [0. 0. 0. 0.]
 [0. 0. 0. 0.]]
cycles===============> 81
i_row_wgt_ci
 [[0. 1. 0. 1.]
 [1. 0. 1. 0.]
 [0. 1. 0. 1.]
 [1. 0. 1. 0.]]
i_row_wgt_w
 [[2. 1. 1. 0.]
 [1. 1. 0. 0.]
 [1. 0. 0. 2.]
 [0. 0. 2. 2.]]
i_row_wgt_h
 [[1. 1. 1. 1.]
 [1. 1. 1. 1.]
 [1. 1. 1. 0.]
 [1. 1. 0. 0.]]
i_row_ofm_w
 [[4. 4. 4. 4.]
 [4. 4. 4. 4.]
 [4. 4. 4. 4.]
 [4. 4. 4. 4.]]
i_row_ofm_h
 [[0. 0. 0. 0.]
 [0. 0. 0. 0.]
 [0. 0. 0. 0.]
 [0. 0. 0. 0.]]
cycles===============> 82
i_row_wgt_ci
 [[1. 0. 1. 0.]
 [0. 1. 0. 1.]
 [1. 0. 1. 0.]
 [0. 1. 0. 1.]]
i_row_wgt_w
 [[2. 2. 1. 1.]
 [2. 1. 1. 0.]
 [1. 1. 0. 0.]
 [1. 0. 0. 2.]]
i_row_wgt_h
 [[1. 1. 1. 1.]
 [1. 1. 1. 1.]
 [1. 1. 1. 1.]
 [1. 1. 1. 0.]]
i_row_ofm_w
 [[4. 4. 4. 4.]
 [4. 4. 4. 4.]
 [4. 4. 4. 4.]
 [4. 4. 4. 4.]]
i_row_ofm_h
 [[0. 0. 0. 0.]
 [0. 0. 0. 0.]
 [0. 0. 0. 0.]
 [0. 0. 0. 0.]]
cycles===============> 83
i_row_wgt_ci
 [[0. 1. 0. 1.]
 [1. 0. 1. 0.]
 [0. 1. 0. 1.]
 [1. 0. 1. 0.]]
i_row_wgt_w
 [[0. 2. 2. 1.]
 [2. 2. 1. 1.]
 [2. 1. 1. 0.]
 [1. 1. 0. 0.]]
i_row_wgt_h
 [[2. 1. 1. 1.]
 [1. 1. 1. 1.]
 [1. 1. 1. 1.]
 [1. 1. 1. 1.]]
i_row_ofm_w
 [[4. 4. 4. 4.]
 [4. 4. 4. 4.]
 [4. 4. 4. 4.]
 [4. 4. 4. 4.]]
i_row_ofm_h
 [[0. 0. 0. 0.]
 [0. 0. 0. 0.]
 [0. 0. 0. 0.]
 [0. 0. 0. 0.]]
cycles===============> 84
i_row_wgt_ci
 [[1. 0. 1. 0.]
 [0. 1. 0. 1.]
 [1. 0. 1. 0.]
 [0. 1. 0. 1.]]
i_row_wgt_w
 [[0. 0. 2. 2.]
 [0. 2. 2. 1.]
 [2. 2. 1. 1.]
 [2. 1. 1. 0.]]
i_row_wgt_h
 [[2. 2. 1. 1.]
 [2. 1. 1. 1.]
 [1. 1. 1. 1.]
 [1. 1. 1. 1.]]
i_row_ofm_w
 [[4. 4. 4. 4.]
 [4. 4. 4. 4.]
 [4. 4. 4. 4.]
 [4. 4. 4. 4.]]
i_row_ofm_h
 [[0. 0. 0. 0.]
 [0. 0. 0. 0.]
 [0. 0. 0. 0.]
 [0. 0. 0. 0.]]
cycles===============> 85
i_row_wgt_ci
 [[0. 1. 0. 1.]
 [1. 0. 1. 0.]
 [0. 1. 0. 1.]
 [1. 0. 1. 0.]]
i_row_wgt_w
 [[1. 0. 0. 2.]
 [0. 0. 2. 2.]
 [0. 2. 2. 1.]
 [2. 2. 1. 1.]]
i_row_wgt_h
 [[2. 2. 2. 1.]
 [2. 2. 1. 1.]
 [2. 1. 1. 1.]
 [1. 1. 1. 1.]]
i_row_ofm_w
 [[4. 4. 4. 4.]
 [4. 4. 4. 4.]
 [4. 4. 4. 4.]
 [4. 4. 4. 4.]]
i_row_ofm_h
 [[0. 0. 0. 0.]
 [0. 0. 0. 0.]
 [0. 0. 0. 0.]
 [0. 0. 0. 0.]]
cycles===============> 86
i_row_wgt_ci
 [[1. 0. 1. 0.]
 [0. 1. 0. 1.]
 [1. 0. 1. 0.]
 [0. 1. 0. 1.]]
i_row_wgt_w
 [[1. 1. 0. 0.]
 [1. 0. 0. 2.]
 [0. 0. 2. 2.]
 [0. 2. 2. 1.]]
i_row_wgt_h
 [[2. 2. 2. 2.]
 [2. 2. 2. 1.]
 [2. 2. 1. 1.]
 [2. 1. 1. 1.]]
i_row_ofm_w
 [[4. 4. 4. 4.]
 [4. 4. 4. 4.]
 [4. 4. 4. 4.]
 [4. 4. 4. 4.]]
i_row_ofm_h
 [[0. 0. 0. 0.]
 [0. 0. 0. 0.]
 [0. 0. 0. 0.]
 [0. 0. 0. 0.]]
cycles===============> 87
i_row_wgt_ci
 [[0. 1. 0. 1.]
 [1. 0. 1. 0.]
 [0. 1. 0. 1.]
 [1. 0. 1. 0.]]
i_row_wgt_w
 [[2. 1. 1. 0.]
 [1. 1. 0. 0.]
 [1. 0. 0. 2.]
 [0. 0. 2. 2.]]
i_row_wgt_h
 [[2. 2. 2. 2.]
 [2. 2. 2. 2.]
 [2. 2. 2. 1.]
 [2. 2. 1. 1.]]
i_row_ofm_w
 [[4. 4. 4. 4.]
 [4. 4. 4. 4.]
 [4. 4. 4. 4.]
 [4. 4. 4. 4.]]
i_row_ofm_h
 [[0. 0. 0. 0.]
 [0. 0. 0. 0.]
 [0. 0. 0. 0.]
 [0. 0. 0. 0.]]
cycles===============> 88
i_row_wgt_ci
 [[1. 0. 1. 0.]
 [0. 1. 0. 1.]
 [1. 0. 1. 0.]
 [0. 1. 0. 1.]]
i_row_wgt_w
 [[2. 2. 1. 1.]
 [2. 1. 1. 0.]
 [1. 1. 0. 0.]
 [1. 0. 0. 2.]]
i_row_wgt_h
 [[2. 2. 2. 2.]
 [2. 2. 2. 2.]
 [2. 2. 2. 2.]
 [2. 2. 2. 1.]]
i_row_ofm_w
 [[4. 4. 4. 4.]
 [4. 4. 4. 4.]
 [4. 4. 4. 4.]
 [4. 4. 4. 4.]]
i_row_ofm_h
 [[0. 0. 0. 0.]
 [0. 0. 0. 0.]
 [0. 0. 0. 0.]
 [0. 0. 0. 0.]]
cycles===============> 89
i_row_wgt_ci
 [[0. 1. 0. 1.]
 [1. 0. 1. 0.]
 [0. 1. 0. 1.]
 [1. 0. 1. 0.]]
i_row_wgt_w
 [[0. 2. 2. 1.]
 [2. 2. 1. 1.]
 [2. 1. 1. 0.]
 [1. 1. 0. 0.]]
i_row_wgt_h
 [[0. 2. 2. 2.]
 [2. 2. 2. 2.]
 [2. 2. 2. 2.]
 [2. 2. 2. 2.]]
i_row_ofm_w
 [[0. 4. 4. 4.]
 [4. 4. 4. 4.]
 [4. 4. 4. 4.]
 [4. 4. 4. 4.]]
i_row_ofm_h
 [[1. 0. 0. 0.]
 [0. 0. 0. 0.]
 [0. 0. 0. 0.]
 [0. 0. 0. 0.]]
cycles===============> 90
i_row_wgt_ci
 [[1. 0. 1. 0.]
 [0. 1. 0. 1.]
 [1. 0. 1. 0.]
 [0. 1. 0. 1.]]
i_row_wgt_w
 [[0. 0. 2. 2.]
 [0. 2. 2. 1.]
 [2. 2. 1. 1.]
 [2. 1. 1. 0.]]
i_row_wgt_h
 [[0. 0. 2. 2.]
 [0. 2. 2. 2.]
 [2. 2. 2. 2.]
 [2. 2. 2. 2.]]
i_row_ofm_w
 [[0. 0. 4. 4.]
 [0. 4. 4. 4.]
 [4. 4. 4. 4.]
 [4. 4. 4. 4.]]
i_row_ofm_h
 [[1. 1. 0. 0.]
 [1. 0. 0. 0.]
 [0. 0. 0. 0.]
 [0. 0. 0. 0.]]
cycles===============> 91
i_row_wgt_ci
 [[0. 1. 0. 1.]
 [1. 0. 1. 0.]
 [0. 1. 0. 1.]
 [1. 0. 1. 0.]]
i_row_wgt_w
 [[1. 0. 0. 2.]
 [0. 0. 2. 2.]
 [0. 2. 2. 1.]
 [2. 2. 1. 1.]]
i_row_wgt_h
 [[0. 0. 0. 2.]
 [0. 0. 2. 2.]
 [0. 2. 2. 2.]
 [2. 2. 2. 2.]]
i_row_ofm_w
 [[0. 0. 0. 4.]
 [0. 0. 4. 4.]
 [0. 4. 4. 4.]
 [4. 4. 4. 4.]]
i_row_ofm_h
 [[1. 1. 1. 0.]
 [1. 1. 0. 0.]
 [1. 0. 0. 0.]
 [0. 0. 0. 0.]]
cycles===============> 92
i_row_wgt_ci
 [[1. 0. 1. 0.]
 [0. 1. 0. 1.]
 [1. 0. 1. 0.]
 [0. 1. 0. 1.]]
i_row_wgt_w
 [[1. 1. 0. 0.]
 [1. 0. 0. 2.]
 [0. 0. 2. 2.]
 [0. 2. 2. 1.]]
i_row_wgt_h
 [[0. 0. 0. 0.]
 [0. 0. 0. 2.]
 [0. 0. 2. 2.]
 [0. 2. 2. 2.]]
i_row_ofm_w
 [[0. 0. 0. 0.]
 [0. 0. 0. 4.]
 [0. 0. 4. 4.]
 [0. 4. 4. 4.]]
i_row_ofm_h
 [[1. 1. 1. 1.]
 [1. 1. 1. 0.]
 [1. 1. 0. 0.]
 [1. 0. 0. 0.]]
cycles===============> 93
i_row_wgt_ci
 [[0. 1. 0. 1.]
 [1. 0. 1. 0.]
 [0. 1. 0. 1.]
 [1. 0. 1. 0.]]
i_row_wgt_w
 [[2. 1. 1. 0.]
 [1. 1. 0. 0.]
 [1. 0. 0. 2.]
 [0. 0. 2. 2.]]
i_row_wgt_h
 [[0. 0. 0. 0.]
 [0. 0. 0. 0.]
 [0. 0. 0. 2.]
 [0. 0. 2. 2.]]
i_row_ofm_w
 [[0. 0. 0. 0.]
 [0. 0. 0. 0.]
 [0. 0. 0. 4.]
 [0. 0. 4. 4.]]
i_row_ofm_h
 [[1. 1. 1. 1.]
 [1. 1. 1. 1.]
 [1. 1. 1. 0.]
 [1. 1. 0. 0.]]
cycles===============> 94
i_row_wgt_ci
 [[1. 0. 1. 0.]
 [0. 1. 0. 1.]
 [1. 0. 1. 0.]
 [0. 1. 0. 1.]]
i_row_wgt_w
 [[2. 2. 1. 1.]
 [2. 1. 1. 0.]
 [1. 1. 0. 0.]
 [1. 0. 0. 2.]]
i_row_wgt_h
 [[0. 0. 0. 0.]
 [0. 0. 0. 0.]
 [0. 0. 0. 0.]
 [0. 0. 0. 2.]]
i_row_ofm_w
 [[0. 0. 0. 0.]
 [0. 0. 0. 0.]
 [0. 0. 0. 0.]
 [0. 0. 0. 4.]]
i_row_ofm_h
 [[1. 1. 1. 1.]
 [1. 1. 1. 1.]
 [1. 1. 1. 1.]
 [1. 1. 1. 0.]]
cycles===============> 95
i_row_wgt_ci
 [[0. 1. 0. 1.]
 [1. 0. 1. 0.]
 [0. 1. 0. 1.]
 [1. 0. 1. 0.]]
i_row_wgt_w
 [[0. 2. 2. 1.]
 [2. 2. 1. 1.]
 [2. 1. 1. 0.]
 [1. 1. 0. 0.]]
i_row_wgt_h
 [[1. 0. 0. 0.]
 [0. 0. 0. 0.]
 [0. 0. 0. 0.]
 [0. 0. 0. 0.]]
i_row_ofm_w
 [[0. 0. 0. 0.]
 [0. 0. 0. 0.]
 [0. 0. 0. 0.]
 [0. 0. 0. 0.]]
i_row_ofm_h
 [[1. 1. 1. 1.]
 [1. 1. 1. 1.]
 [1. 1. 1. 1.]
 [1. 1. 1. 1.]]
cycles===============> 96
i_row_wgt_ci
 [[1. 0. 1. 0.]
 [0. 1. 0. 1.]
 [1. 0. 1. 0.]
 [0. 1. 0. 1.]]
i_row_wgt_w
 [[0. 0. 2. 2.]
 [0. 2. 2. 1.]
 [2. 2. 1. 1.]
 [2. 1. 1. 0.]]
i_row_wgt_h
 [[1. 1. 0. 0.]
 [1. 0. 0. 0.]
 [0. 0. 0. 0.]
 [0. 0. 0. 0.]]
i_row_ofm_w
 [[0. 0. 0. 0.]
 [0. 0. 0. 0.]
 [0. 0. 0. 0.]
 [0. 0. 0. 0.]]
i_row_ofm_h
 [[1. 1. 1. 1.]
 [1. 1. 1. 1.]
 [1. 1. 1. 1.]
 [1. 1. 1. 1.]]
cycles===============> 97
i_row_wgt_ci
 [[0. 1. 0. 1.]
 [1. 0. 1. 0.]
 [0. 1. 0. 1.]
 [1. 0. 1. 0.]]
i_row_wgt_w
 [[1. 0. 0. 2.]
 [0. 0. 2. 2.]
 [0. 2. 2. 1.]
 [2. 2. 1. 1.]]
i_row_wgt_h
 [[1. 1. 1. 0.]
 [1. 1. 0. 0.]
 [1. 0. 0. 0.]
 [0. 0. 0. 0.]]
i_row_ofm_w
 [[0. 0. 0. 0.]
 [0. 0. 0. 0.]
 [0. 0. 0. 0.]
 [0. 0. 0. 0.]]
i_row_ofm_h
 [[1. 1. 1. 1.]
 [1. 1. 1. 1.]
 [1. 1. 1. 1.]
 [1. 1. 1. 1.]]
cycles===============> 98
i_row_wgt_ci
 [[1. 0. 1. 0.]
 [0. 1. 0. 1.]
 [1. 0. 1. 0.]
 [0. 1. 0. 1.]]
i_row_wgt_w
 [[1. 1. 0. 0.]
 [1. 0. 0. 2.]
 [0. 0. 2. 2.]
 [0. 2. 2. 1.]]
i_row_wgt_h
 [[1. 1. 1. 1.]
 [1. 1. 1. 0.]
 [1. 1. 0. 0.]
 [1. 0. 0. 0.]]
i_row_ofm_w
 [[0. 0. 0. 0.]
 [0. 0. 0. 0.]
 [0. 0. 0. 0.]
 [0. 0. 0. 0.]]
i_row_ofm_h
 [[1. 1. 1. 1.]
 [1. 1. 1. 1.]
 [1. 1. 1. 1.]
 [1. 1. 1. 1.]]
cycles===============> 99
i_row_wgt_ci
 [[0. 1. 0. 1.]
 [1. 0. 1. 0.]
 [0. 1. 0. 1.]
 [1. 0. 1. 0.]]
i_row_wgt_w
 [[2. 1. 1. 0.]
 [1. 1. 0. 0.]
 [1. 0. 0. 2.]
 [0. 0. 2. 2.]]
i_row_wgt_h
 [[1. 1. 1. 1.]
 [1. 1. 1. 1.]
 [1. 1. 1. 0.]
 [1. 1. 0. 0.]]
i_row_ofm_w
 [[0. 0. 0. 0.]
 [0. 0. 0. 0.]
 [0. 0. 0. 0.]
 [0. 0. 0. 0.]]
i_row_ofm_h
 [[1. 1. 1. 1.]
 [1. 1. 1. 1.]
 [1. 1. 1. 1.]
 [1. 1. 1. 1.]]
cycles===============> 100
i_row_wgt_ci
 [[1. 0. 1. 0.]
 [0. 1. 0. 1.]
 [1. 0. 1. 0.]
 [0. 1. 0. 1.]]
i_row_wgt_w
 [[2. 2. 1. 1.]
 [2. 1. 1. 0.]
 [1. 1. 0. 0.]
 [1. 0. 0. 2.]]
i_row_wgt_h
 [[1. 1. 1. 1.]
 [1. 1. 1. 1.]
 [1. 1. 1. 1.]
 [1. 1. 1. 0.]]
i_row_ofm_w
 [[0. 0. 0. 0.]
 [0. 0. 0. 0.]
 [0. 0. 0. 0.]
 [0. 0. 0. 0.]]
i_row_ofm_h
 [[1. 1. 1. 1.]
 [1. 1. 1. 1.]
 [1. 1. 1. 1.]
 [1. 1. 1. 1.]]
cycles===============> 101
i_row_wgt_ci
 [[0. 1. 0. 1.]
 [1. 0. 1. 0.]
 [0. 1. 0. 1.]
 [1. 0. 1. 0.]]
i_row_wgt_w
 [[0. 2. 2. 1.]
 [2. 2. 1. 1.]
 [2. 1. 1. 0.]
 [1. 1. 0. 0.]]
i_row_wgt_h
 [[2. 1. 1. 1.]
 [1. 1. 1. 1.]
 [1. 1. 1. 1.]
 [1. 1. 1. 1.]]
i_row_ofm_w
 [[0. 0. 0. 0.]
 [0. 0. 0. 0.]
 [0. 0. 0. 0.]
 [0. 0. 0. 0.]]
i_row_ofm_h
 [[1. 1. 1. 1.]
 [1. 1. 1. 1.]
 [1. 1. 1. 1.]
 [1. 1. 1. 1.]]
cycles===============> 102
i_row_wgt_ci
 [[1. 0. 1. 0.]
 [0. 1. 0. 1.]
 [1. 0. 1. 0.]
 [0. 1. 0. 1.]]
i_row_wgt_w
 [[0. 0. 2. 2.]
 [0. 2. 2. 1.]
 [2. 2. 1. 1.]
 [2. 1. 1. 0.]]
i_row_wgt_h
 [[2. 2. 1. 1.]
 [2. 1. 1. 1.]
 [1. 1. 1. 1.]
 [1. 1. 1. 1.]]
i_row_ofm_w
 [[0. 0. 0. 0.]
 [0. 0. 0. 0.]
 [0. 0. 0. 0.]
 [0. 0. 0. 0.]]
i_row_ofm_h
 [[1. 1. 1. 1.]
 [1. 1. 1. 1.]
 [1. 1. 1. 1.]
 [1. 1. 1. 1.]]
cycles===============> 103
i_row_wgt_ci
 [[0. 1. 0. 1.]
 [1. 0. 1. 0.]
 [0. 1. 0. 1.]
 [1. 0. 1. 0.]]
i_row_wgt_w
 [[1. 0. 0. 2.]
 [0. 0. 2. 2.]
 [0. 2. 2. 1.]
 [2. 2. 1. 1.]]
i_row_wgt_h
 [[2. 2. 2. 1.]
 [2. 2. 1. 1.]
 [2. 1. 1. 1.]
 [1. 1. 1. 1.]]
i_row_ofm_w
 [[0. 0. 0. 0.]
 [0. 0. 0. 0.]
 [0. 0. 0. 0.]
 [0. 0. 0. 0.]]
i_row_ofm_h
 [[1. 1. 1. 1.]
 [1. 1. 1. 1.]
 [1. 1. 1. 1.]
 [1. 1. 1. 1.]]
cycles===============> 104
i_row_wgt_ci
 [[1. 0. 1. 0.]
 [0. 1. 0. 1.]
 [1. 0. 1. 0.]
 [0. 1. 0. 1.]]
i_row_wgt_w
 [[1. 1. 0. 0.]
 [1. 0. 0. 2.]
 [0. 0. 2. 2.]
 [0. 2. 2. 1.]]
i_row_wgt_h
 [[2. 2. 2. 2.]
 [2. 2. 2. 1.]
 [2. 2. 1. 1.]
 [2. 1. 1. 1.]]
i_row_ofm_w
 [[0. 0. 0. 0.]
 [0. 0. 0. 0.]
 [0. 0. 0. 0.]
 [0. 0. 0. 0.]]
i_row_ofm_h
 [[1. 1. 1. 1.]
 [1. 1. 1. 1.]
 [1. 1. 1. 1.]
 [1. 1. 1. 1.]]
cycles===============> 105
i_row_wgt_ci
 [[0. 1. 0. 1.]
 [1. 0. 1. 0.]
 [0. 1. 0. 1.]
 [1. 0. 1. 0.]]
i_row_wgt_w
 [[2. 1. 1. 0.]
 [1. 1. 0. 0.]
 [1. 0. 0. 2.]
 [0. 0. 2. 2.]]
i_row_wgt_h
 [[2. 2. 2. 2.]
 [2. 2. 2. 2.]
 [2. 2. 2. 1.]
 [2. 2. 1. 1.]]
i_row_ofm_w
 [[0. 0. 0. 0.]
 [0. 0. 0. 0.]
 [0. 0. 0. 0.]
 [0. 0. 0. 0.]]
i_row_ofm_h
 [[1. 1. 1. 1.]
 [1. 1. 1. 1.]
 [1. 1. 1. 1.]
 [1. 1. 1. 1.]]
cycles===============> 106
i_row_wgt_ci
 [[1. 0. 1. 0.]
 [0. 1. 0. 1.]
 [1. 0. 1. 0.]
 [0. 1. 0. 1.]]
i_row_wgt_w
 [[2. 2. 1. 1.]
 [2. 1. 1. 0.]
 [1. 1. 0. 0.]
 [1. 0. 0. 2.]]
i_row_wgt_h
 [[2. 2. 2. 2.]
 [2. 2. 2. 2.]
 [2. 2. 2. 2.]
 [2. 2. 2. 1.]]
i_row_ofm_w
 [[0. 0. 0. 0.]
 [0. 0. 0. 0.]
 [0. 0. 0. 0.]
 [0. 0. 0. 0.]]
i_row_ofm_h
 [[1. 1. 1. 1.]
 [1. 1. 1. 1.]
 [1. 1. 1. 1.]
 [1. 1. 1. 1.]]
cycles===============> 107
i_row_wgt_ci
 [[0. 1. 0. 1.]
 [1. 0. 1. 0.]
 [0. 1. 0. 1.]
 [1. 0. 1. 0.]]
i_row_wgt_w
 [[0. 2. 2. 1.]
 [2. 2. 1. 1.]
 [2. 1. 1. 0.]
 [1. 1. 0. 0.]]
i_row_wgt_h
 [[0. 2. 2. 2.]
 [2. 2. 2. 2.]
 [2. 2. 2. 2.]
 [2. 2. 2. 2.]]
i_row_ofm_w
 [[1. 0. 0. 0.]
 [0. 0. 0. 0.]
 [0. 0. 0. 0.]
 [0. 0. 0. 0.]]
i_row_ofm_h
 [[1. 1. 1. 1.]
 [1. 1. 1. 1.]
 [1. 1. 1. 1.]
 [1. 1. 1. 1.]]
cycles===============> 108
i_row_wgt_ci
 [[1. 0. 1. 0.]
 [0. 1. 0. 1.]
 [1. 0. 1. 0.]
 [0. 1. 0. 1.]]
i_row_wgt_w
 [[0. 0. 2. 2.]
 [0. 2. 2. 1.]
 [2. 2. 1. 1.]
 [2. 1. 1. 0.]]
i_row_wgt_h
 [[0. 0. 2. 2.]
 [0. 2. 2. 2.]
 [2. 2. 2. 2.]
 [2. 2. 2. 2.]]
i_row_ofm_w
 [[1. 1. 0. 0.]
 [1. 0. 0. 0.]
 [0. 0. 0. 0.]
 [0. 0. 0. 0.]]
i_row_ofm_h
 [[1. 1. 1. 1.]
 [1. 1. 1. 1.]
 [1. 1. 1. 1.]
 [1. 1. 1. 1.]]
cycles===============> 109
i_row_wgt_ci
 [[0. 1. 0. 1.]
 [1. 0. 1. 0.]
 [0. 1. 0. 1.]
 [1. 0. 1. 0.]]
i_row_wgt_w
 [[1. 0. 0. 2.]
 [0. 0. 2. 2.]
 [0. 2. 2. 1.]
 [2. 2. 1. 1.]]
i_row_wgt_h
 [[0. 0. 0. 2.]
 [0. 0. 2. 2.]
 [0. 2. 2. 2.]
 [2. 2. 2. 2.]]
i_row_ofm_w
 [[1. 1. 1. 0.]
 [1. 1. 0. 0.]
 [1. 0. 0. 0.]
 [0. 0. 0. 0.]]
i_row_ofm_h
 [[1. 1. 1. 1.]
 [1. 1. 1. 1.]
 [1. 1. 1. 1.]
 [1. 1. 1. 1.]]
cycles===============> 110
i_row_wgt_ci
 [[1. 0. 1. 0.]
 [0. 1. 0. 1.]
 [1. 0. 1. 0.]
 [0. 1. 0. 1.]]
i_row_wgt_w
 [[1. 1. 0. 0.]
 [1. 0. 0. 2.]
 [0. 0. 2. 2.]
 [0. 2. 2. 1.]]
i_row_wgt_h
 [[0. 0. 0. 0.]
 [0. 0. 0. 2.]
 [0. 0. 2. 2.]
 [0. 2. 2. 2.]]
i_row_ofm_w
 [[1. 1. 1. 1.]
 [1. 1. 1. 0.]
 [1. 1. 0. 0.]
 [1. 0. 0. 0.]]
i_row_ofm_h
 [[1. 1. 1. 1.]
 [1. 1. 1. 1.]
 [1. 1. 1. 1.]
 [1. 1. 1. 1.]]
cycles===============> 111
i_row_wgt_ci
 [[0. 1. 0. 1.]
 [1. 0. 1. 0.]
 [0. 1. 0. 1.]
 [1. 0. 1. 0.]]
i_row_wgt_w
 [[2. 1. 1. 0.]
 [1. 1. 0. 0.]
 [1. 0. 0. 2.]
 [0. 0. 2. 2.]]
i_row_wgt_h
 [[0. 0. 0. 0.]
 [0. 0. 0. 0.]
 [0. 0. 0. 2.]
 [0. 0. 2. 2.]]
i_row_ofm_w
 [[1. 1. 1. 1.]
 [1. 1. 1. 1.]
 [1. 1. 1. 0.]
 [1. 1. 0. 0.]]
i_row_ofm_h
 [[1. 1. 1. 1.]
 [1. 1. 1. 1.]
 [1. 1. 1. 1.]
 [1. 1. 1. 1.]]
cycles===============> 112
i_row_wgt_ci
 [[1. 0. 1. 0.]
 [0. 1. 0. 1.]
 [1. 0. 1. 0.]
 [0. 1. 0. 1.]]
i_row_wgt_w
 [[2. 2. 1. 1.]
 [2. 1. 1. 0.]
 [1. 1. 0. 0.]
 [1. 0. 0. 2.]]
i_row_wgt_h
 [[0. 0. 0. 0.]
 [0. 0. 0. 0.]
 [0. 0. 0. 0.]
 [0. 0. 0. 2.]]
i_row_ofm_w
 [[1. 1. 1. 1.]
 [1. 1. 1. 1.]
 [1. 1. 1. 1.]
 [1. 1. 1. 0.]]
i_row_ofm_h
 [[1. 1. 1. 1.]
 [1. 1. 1. 1.]
 [1. 1. 1. 1.]
 [1. 1. 1. 1.]]
cycles===============> 113
i_row_wgt_ci
 [[0. 1. 0. 1.]
 [1. 0. 1. 0.]
 [0. 1. 0. 1.]
 [1. 0. 1. 0.]]
i_row_wgt_w
 [[0. 2. 2. 1.]
 [2. 2. 1. 1.]
 [2. 1. 1. 0.]
 [1. 1. 0. 0.]]
i_row_wgt_h
 [[1. 0. 0. 0.]
 [0. 0. 0. 0.]
 [0. 0. 0. 0.]
 [0. 0. 0. 0.]]
i_row_ofm_w
 [[1. 1. 1. 1.]
 [1. 1. 1. 1.]
 [1. 1. 1. 1.]
 [1. 1. 1. 1.]]
i_row_ofm_h
 [[1. 1. 1. 1.]
 [1. 1. 1. 1.]
 [1. 1. 1. 1.]
 [1. 1. 1. 1.]]
cycles===============> 114
i_row_wgt_ci
 [[1. 0. 1. 0.]
 [0. 1. 0. 1.]
 [1. 0. 1. 0.]
 [0. 1. 0. 1.]]
i_row_wgt_w
 [[0. 0. 2. 2.]
 [0. 2. 2. 1.]
 [2. 2. 1. 1.]
 [2. 1. 1. 0.]]
i_row_wgt_h
 [[1. 1. 0. 0.]
 [1. 0. 0. 0.]
 [0. 0. 0. 0.]
 [0. 0. 0. 0.]]
i_row_ofm_w
 [[1. 1. 1. 1.]
 [1. 1. 1. 1.]
 [1. 1. 1. 1.]
 [1. 1. 1. 1.]]
i_row_ofm_h
 [[1. 1. 1. 1.]
 [1. 1. 1. 1.]
 [1. 1. 1. 1.]
 [1. 1. 1. 1.]]
cycles===============> 115
i_row_wgt_ci
 [[0. 1. 0. 1.]
 [1. 0. 1. 0.]
 [0. 1. 0. 1.]
 [1. 0. 1. 0.]]
i_row_wgt_w
 [[1. 0. 0. 2.]
 [0. 0. 2. 2.]
 [0. 2. 2. 1.]
 [2. 2. 1. 1.]]
i_row_wgt_h
 [[1. 1. 1. 0.]
 [1. 1. 0. 0.]
 [1. 0. 0. 0.]
 [0. 0. 0. 0.]]
i_row_ofm_w
 [[1. 1. 1. 1.]
 [1. 1. 1. 1.]
 [1. 1. 1. 1.]
 [1. 1. 1. 1.]]
i_row_ofm_h
 [[1. 1. 1. 1.]
 [1. 1. 1. 1.]
 [1. 1. 1. 1.]
 [1. 1. 1. 1.]]
cycles===============> 116
i_row_wgt_ci
 [[1. 0. 1. 0.]
 [0. 1. 0. 1.]
 [1. 0. 1. 0.]
 [0. 1. 0. 1.]]
i_row_wgt_w
 [[1. 1. 0. 0.]
 [1. 0. 0. 2.]
 [0. 0. 2. 2.]
 [0. 2. 2. 1.]]
i_row_wgt_h
 [[1. 1. 1. 1.]
 [1. 1. 1. 0.]
 [1. 1. 0. 0.]
 [1. 0. 0. 0.]]
i_row_ofm_w
 [[1. 1. 1. 1.]
 [1. 1. 1. 1.]
 [1. 1. 1. 1.]
 [1. 1. 1. 1.]]
i_row_ofm_h
 [[1. 1. 1. 1.]
 [1. 1. 1. 1.]
 [1. 1. 1. 1.]
 [1. 1. 1. 1.]]
cycles===============> 117
i_row_wgt_ci
 [[0. 1. 0. 1.]
 [1. 0. 1. 0.]
 [0. 1. 0. 1.]
 [1. 0. 1. 0.]]
i_row_wgt_w
 [[2. 1. 1. 0.]
 [1. 1. 0. 0.]
 [1. 0. 0. 2.]
 [0. 0. 2. 2.]]
i_row_wgt_h
 [[1. 1. 1. 1.]
 [1. 1. 1. 1.]
 [1. 1. 1. 0.]
 [1. 1. 0. 0.]]
i_row_ofm_w
 [[1. 1. 1. 1.]
 [1. 1. 1. 1.]
 [1. 1. 1. 1.]
 [1. 1. 1. 1.]]
i_row_ofm_h
 [[1. 1. 1. 1.]
 [1. 1. 1. 1.]
 [1. 1. 1. 1.]
 [1. 1. 1. 1.]]
cycles===============> 118
i_row_wgt_ci
 [[1. 0. 1. 0.]
 [0. 1. 0. 1.]
 [1. 0. 1. 0.]
 [0. 1. 0. 1.]]
i_row_wgt_w
 [[2. 2. 1. 1.]
 [2. 1. 1. 0.]
 [1. 1. 0. 0.]
 [1. 0. 0. 2.]]
i_row_wgt_h
 [[1. 1. 1. 1.]
 [1. 1. 1. 1.]
 [1. 1. 1. 1.]
 [1. 1. 1. 0.]]
i_row_ofm_w
 [[1. 1. 1. 1.]
 [1. 1. 1. 1.]
 [1. 1. 1. 1.]
 [1. 1. 1. 1.]]
i_row_ofm_h
 [[1. 1. 1. 1.]
 [1. 1. 1. 1.]
 [1. 1. 1. 1.]
 [1. 1. 1. 1.]]
cycles===============> 119
i_row_wgt_ci
 [[0. 1. 0. 1.]
 [1. 0. 1. 0.]
 [0. 1. 0. 1.]
 [1. 0. 1. 0.]]
i_row_wgt_w
 [[0. 2. 2. 1.]
 [2. 2. 1. 1.]
 [2. 1. 1. 0.]
 [1. 1. 0. 0.]]
i_row_wgt_h
 [[2. 1. 1. 1.]
 [1. 1. 1. 1.]
 [1. 1. 1. 1.]
 [1. 1. 1. 1.]]
i_row_ofm_w
 [[1. 1. 1. 1.]
 [1. 1. 1. 1.]
 [1. 1. 1. 1.]
 [1. 1. 1. 1.]]
i_row_ofm_h
 [[1. 1. 1. 1.]
 [1. 1. 1. 1.]
 [1. 1. 1. 1.]
 [1. 1. 1. 1.]]
cycles===============> 120
i_row_wgt_ci
 [[1. 0. 1. 0.]
 [0. 1. 0. 1.]
 [1. 0. 1. 0.]
 [0. 1. 0. 1.]]
i_row_wgt_w
 [[0. 0. 2. 2.]
 [0. 2. 2. 1.]
 [2. 2. 1. 1.]
 [2. 1. 1. 0.]]
i_row_wgt_h
 [[2. 2. 1. 1.]
 [2. 1. 1. 1.]
 [1. 1. 1. 1.]
 [1. 1. 1. 1.]]
i_row_ofm_w
 [[1. 1. 1. 1.]
 [1. 1. 1. 1.]
 [1. 1. 1. 1.]
 [1. 1. 1. 1.]]
i_row_ofm_h
 [[1. 1. 1. 1.]
 [1. 1. 1. 1.]
 [1. 1. 1. 1.]
 [1. 1. 1. 1.]]
cycles===============> 121
i_row_wgt_ci
 [[0. 1. 0. 1.]
 [1. 0. 1. 0.]
 [0. 1. 0. 1.]
 [1. 0. 1. 0.]]
i_row_wgt_w
 [[1. 0. 0. 2.]
 [0. 0. 2. 2.]
 [0. 2. 2. 1.]
 [2. 2. 1. 1.]]
i_row_wgt_h
 [[2. 2. 2. 1.]
 [2. 2. 1. 1.]
 [2. 1. 1. 1.]
 [1. 1. 1. 1.]]
i_row_ofm_w
 [[1. 1. 1. 1.]
 [1. 1. 1. 1.]
 [1. 1. 1. 1.]
 [1. 1. 1. 1.]]
i_row_ofm_h
 [[1. 1. 1. 1.]
 [1. 1. 1. 1.]
 [1. 1. 1. 1.]
 [1. 1. 1. 1.]]
cycles===============> 122
i_row_wgt_ci
 [[1. 0. 1. 0.]
 [0. 1. 0. 1.]
 [1. 0. 1. 0.]
 [0. 1. 0. 1.]]
i_row_wgt_w
 [[1. 1. 0. 0.]
 [1. 0. 0. 2.]
 [0. 0. 2. 2.]
 [0. 2. 2. 1.]]
i_row_wgt_h
 [[2. 2. 2. 2.]
 [2. 2. 2. 1.]
 [2. 2. 1. 1.]
 [2. 1. 1. 1.]]
i_row_ofm_w
 [[1. 1. 1. 1.]
 [1. 1. 1. 1.]
 [1. 1. 1. 1.]
 [1. 1. 1. 1.]]
i_row_ofm_h
 [[1. 1. 1. 1.]
 [1. 1. 1. 1.]
 [1. 1. 1. 1.]
 [1. 1. 1. 1.]]
cycles===============> 123
i_row_wgt_ci
 [[0. 1. 0. 1.]
 [1. 0. 1. 0.]
 [0. 1. 0. 1.]
 [1. 0. 1. 0.]]
i_row_wgt_w
 [[2. 1. 1. 0.]
 [1. 1. 0. 0.]
 [1. 0. 0. 2.]
 [0. 0. 2. 2.]]
i_row_wgt_h
 [[2. 2. 2. 2.]
 [2. 2. 2. 2.]
 [2. 2. 2. 1.]
 [2. 2. 1. 1.]]
i_row_ofm_w
 [[1. 1. 1. 1.]
 [1. 1. 1. 1.]
 [1. 1. 1. 1.]
 [1. 1. 1. 1.]]
i_row_ofm_h
 [[1. 1. 1. 1.]
 [1. 1. 1. 1.]
 [1. 1. 1. 1.]
 [1. 1. 1. 1.]]
cycles===============> 124
i_row_wgt_ci
 [[1. 0. 1. 0.]
 [0. 1. 0. 1.]
 [1. 0. 1. 0.]
 [0. 1. 0. 1.]]
i_row_wgt_w
 [[2. 2. 1. 1.]
 [2. 1. 1. 0.]
 [1. 1. 0. 0.]
 [1. 0. 0. 2.]]
i_row_wgt_h
 [[2. 2. 2. 2.]
 [2. 2. 2. 2.]
 [2. 2. 2. 2.]
 [2. 2. 2. 1.]]
i_row_ofm_w
 [[1. 1. 1. 1.]
 [1. 1. 1. 1.]
 [1. 1. 1. 1.]
 [1. 1. 1. 1.]]
i_row_ofm_h
 [[1. 1. 1. 1.]
 [1. 1. 1. 1.]
 [1. 1. 1. 1.]
 [1. 1. 1. 1.]]
cycles===============> 125
i_row_wgt_ci
 [[0. 1. 0. 1.]
 [1. 0. 1. 0.]
 [0. 1. 0. 1.]
 [1. 0. 1. 0.]]
i_row_wgt_w
 [[0. 2. 2. 1.]
 [2. 2. 1. 1.]
 [2. 1. 1. 0.]
 [1. 1. 0. 0.]]
i_row_wgt_h
 [[0. 2. 2. 2.]
 [2. 2. 2. 2.]
 [2. 2. 2. 2.]
 [2. 2. 2. 2.]]
i_row_ofm_w
 [[2. 1. 1. 1.]
 [1. 1. 1. 1.]
 [1. 1. 1. 1.]
 [1. 1. 1. 1.]]
i_row_ofm_h
 [[1. 1. 1. 1.]
 [1. 1. 1. 1.]
 [1. 1. 1. 1.]
 [1. 1. 1. 1.]]
cycles===============> 126
i_row_wgt_ci
 [[1. 0. 1. 0.]
 [0. 1. 0. 1.]
 [1. 0. 1. 0.]
 [0. 1. 0. 1.]]
i_row_wgt_w
 [[0. 0. 2. 2.]
 [0. 2. 2. 1.]
 [2. 2. 1. 1.]
 [2. 1. 1. 0.]]
i_row_wgt_h
 [[0. 0. 2. 2.]
 [0. 2. 2. 2.]
 [2. 2. 2. 2.]
 [2. 2. 2. 2.]]
i_row_ofm_w
 [[2. 2. 1. 1.]
 [2. 1. 1. 1.]
 [1. 1. 1. 1.]
 [1. 1. 1. 1.]]
i_row_ofm_h
 [[1. 1. 1. 1.]
 [1. 1. 1. 1.]
 [1. 1. 1. 1.]
 [1. 1. 1. 1.]]
cycles===============> 127
i_row_wgt_ci
 [[0. 1. 0. 1.]
 [1. 0. 1. 0.]
 [0. 1. 0. 1.]
 [1. 0. 1. 0.]]
i_row_wgt_w
 [[1. 0. 0. 2.]
 [0. 0. 2. 2.]
 [0. 2. 2. 1.]
 [2. 2. 1. 1.]]
i_row_wgt_h
 [[0. 0. 0. 2.]
 [0. 0. 2. 2.]
 [0. 2. 2. 2.]
 [2. 2. 2. 2.]]
i_row_ofm_w
 [[2. 2. 2. 1.]
 [2. 2. 1. 1.]
 [2. 1. 1. 1.]
 [1. 1. 1. 1.]]
i_row_ofm_h
 [[1. 1. 1. 1.]
 [1. 1. 1. 1.]
 [1. 1. 1. 1.]
 [1. 1. 1. 1.]]
cycles===============> 128
i_row_wgt_ci
 [[1. 0. 1. 0.]
 [0. 1. 0. 1.]
 [1. 0. 1. 0.]
 [0. 1. 0. 1.]]
i_row_wgt_w
 [[1. 1. 0. 0.]
 [1. 0. 0. 2.]
 [0. 0. 2. 2.]
 [0. 2. 2. 1.]]
i_row_wgt_h
 [[0. 0. 0. 0.]
 [0. 0. 0. 2.]
 [0. 0. 2. 2.]
 [0. 2. 2. 2.]]
i_row_ofm_w
 [[2. 2. 2. 2.]
 [2. 2. 2. 1.]
 [2. 2. 1. 1.]
 [2. 1. 1. 1.]]
i_row_ofm_h
 [[1. 1. 1. 1.]
 [1. 1. 1. 1.]
 [1. 1. 1. 1.]
 [1. 1. 1. 1.]]
cycles===============> 129
i_row_wgt_ci
 [[0. 1. 0. 1.]
 [1. 0. 1. 0.]
 [0. 1. 0. 1.]
 [1. 0. 1. 0.]]
i_row_wgt_w
 [[2. 1. 1. 0.]
 [1. 1. 0. 0.]
 [1. 0. 0. 2.]
 [0. 0. 2. 2.]]
i_row_wgt_h
 [[0. 0. 0. 0.]
 [0. 0. 0. 0.]
 [0. 0. 0. 2.]
 [0. 0. 2. 2.]]
i_row_ofm_w
 [[2. 2. 2. 2.]
 [2. 2. 2. 2.]
 [2. 2. 2. 1.]
 [2. 2. 1. 1.]]
i_row_ofm_h
 [[1. 1. 1. 1.]
 [1. 1. 1. 1.]
 [1. 1. 1. 1.]
 [1. 1. 1. 1.]]
